Archive member included to satisfy reference by file (symbol)

../../lib/sched/libsched.a(task.o)
                              ledblink.o (CTask::~CTask())
../../lib/sched/libsched.a(scheduler.o)
                              kernel.o (CScheduler::CScheduler())
../../lib/sched/libsched.a(taskswitch.o)
                              ../../lib/sched/libsched.a(scheduler.o) (TaskSwitch)
../../lib/sched/libsched.a(synchronizationevent.o)
                              kernel.o (CSynchronizationEvent::CSynchronizationEvent(bool))
../../lib/libcircle.a(actled.o)
                              kernel.o (CActLED::CActLED(bool))
../../lib/libcircle.a(assert.o)
                              ../../lib/sched/libsched.a(task.o) (assertion_failed)
../../lib/libcircle.a(debug.o)
                              ../../lib/libcircle.a(assert.o) (debug_stacktrace(unsigned int const*, char const*))
../../lib/libcircle.a(devicenameservice.o)
                              kernel.o (CDeviceNameService::CDeviceNameService())
../../lib/libcircle.a(gpiopin.o)
                              kernel.o (CGPIOPin::~CGPIOPin())
../../lib/libcircle.a(koptions.o)
                              kernel.o (CKernelOptions::~CKernelOptions())
../../lib/libcircle.a(logger.o)
                              kernel.o (CLogger::CLogger(unsigned int, CTimer*, bool))
../../lib/libcircle.a(machineinfo.o)
                              ../../lib/libcircle.a(logger.o) (CMachineInfo::GetMachineName() const)
../../lib/libcircle.a(screen.o)
                              kernel.o (CScreenDevice::~CScreenDevice())
../../lib/libcircle.a(string.o)
                              ledblink.o (CString::~CString())
../../lib/libcircle.a(sysinit.o)
                              ../../lib/libcircle.a(logger.o) (set_qemu_exit_status)
../../lib/libcircle.a(timer.o)
                              kernel.o (CTimer::CTimer(CInterruptSystem*))
../../lib/libcircle.a(util.o)
                              ../../lib/sched/libsched.a(task.o) (memset)
../../lib/libcircle.a(util_fast.o)
                              ../../lib/libcircle.a(screen.o) (memcpy)
../../lib/libcircle.a(virtualgpiopin.o)
                              ../../lib/libcircle.a(actled.o) (CVirtualGPIOPin::Write(unsigned int))
../../lib/libcircle.a(chainboot.o)
                              ../../lib/libcircle.a(sysinit.o) (IsChainBootEnabled)
../../lib/libcircle.a(new.o)  ../../lib/sched/libsched.a(scheduler.o) (operator new(unsigned int))
../../lib/libcircle.a(heapallocator.o)
                              ../../lib/libcircle.a(new.o) (CHeapAllocator::Allocate(unsigned int))
../../lib/libcircle.a(cache-v7.o)
                              ../../lib/libcircle.a(sysinit.o) (InvalidateDataCacheL1Only)
../../lib/libcircle.a(memory.o)
                              kernel.o (CMemorySystem::~CMemorySystem())
../../lib/libcircle.a(pagetable.o)
                              ../../lib/libcircle.a(memory.o) (CPageTable::CPageTable(unsigned int))
../../lib/libcircle.a(startup.o)
                              (_start)
../../lib/libcircle.a(synchronize.o)
                              ../../lib/sched/libsched.a(scheduler.o) (EnterCritical)
../../lib/libcircle.a(interrupt.o)
                              kernel.o (CInterruptSystem::CInterruptSystem())
../../lib/libcircle.a(bcmframebuffer.o)
                              ../../lib/libcircle.a(screen.o) (CBcmFrameBuffer::CBcmFrameBuffer(unsigned int, unsigned int, unsigned int, unsigned int, unsigned int, unsigned int, bool))
../../lib/libcircle.a(bcmpropertytags.o)
                              ../../lib/libcircle.a(koptions.o) (CBcmPropertyTags::CBcmPropertyTags(bool))
../../lib/libcircle.a(chargenerator.o)
                              ../../lib/libcircle.a(screen.o) (CCharGenerator::CCharGenerator())
../../lib/libcircle.a(delayloop.o)
                              ../../lib/libcircle.a(timer.o) (DelayLoop)
../../lib/libcircle.a(device.o)
                              ../../lib/libcircle.a(screen.o) (CDevice::~CDevice())
../../lib/libcircle.a(dmachannel.o)
                              ../../lib/libcircle.a(screen.o) (CDMAChannel::CDMAChannel(unsigned int, CInterruptSystem*))
../../lib/libcircle.a(gpiomanager.o)
                              ../../lib/libcircle.a(gpiopin.o) (CGPIOManager::ConnectInterrupt(CGPIOPin*))
../../lib/libcircle.a(ptrlist.o)
                              ../../lib/libcircle.a(timer.o) (CPtrList::CPtrList())
../../lib/libcircle.a(pageallocator.o)
                              ../../lib/libcircle.a(memory.o) (CPageAllocator::CPageAllocator())
../../lib/libcircle.a(exceptionstub.o)
                              ../../lib/libcircle.a(interrupt.o) (IRQStub)
../../lib/libcircle.a(bcmmailbox.o)
                              ../../lib/libcircle.a(bcmpropertytags.o) (CBcmMailBox::CBcmMailBox(unsigned int, bool))
../../lib/libcircle.a(exceptionhandler.o)
                              ../../lib/libcircle.a(exceptionstub.o) (ExceptionHandler)
[...]
Memory Configuration

Name             Origin             Length             Attributes
*default*        0x0000000000000000 0xffffffffffffffff

Linker script and memory map

Address of section .init set to 0x8000

.init           0x0000000000008000       0x70
 *(.init)
 .init          0x0000000000008000       0x70 ../../lib/libcircle.a(startup.o)
                0x0000000000008000                _start
                0x0000000000008064                _start_secondary

.text           0x0000000000008070     0xc034
 *(.text*)
 .text          0x0000000000008070        0x0 main.o
 .text.startup  0x0000000000008070       0x3c main.o
                0x0000000000008070                main
 .text          0x00000000000080ac      0x340 kernel.o
                0x00000000000080ac                CKernel::CKernel()
                0x00000000000080ac                CKernel::CKernel()
                0x00000000000081f8                CKernel::Initialize()
                0x0000000000008280                CKernel::Run()
                0x0000000000008344                CKernel::~CKernel()
                0x0000000000008344                CKernel::~CKernel()
 .text          0x00000000000083ec      0x168 ledblink.o
                0x00000000000083ec                CLEDBlink::~CLEDBlink()
                0x00000000000083ec                CLEDBlink::~CLEDBlink()
                0x000000000000840c                CLEDBlink::~CLEDBlink()
                0x0000000000008438                CLEDBlink::CLEDBlink(unsigned int, CGPIOPin*, CScreenDevice*)
                0x0000000000008438                CLEDBlink::CLEDBlink(unsigned int, CGPIOPin*, CScreenDevice*)
                0x0000000000008478                CLEDBlink::Run()
 .text          0x0000000000008554      0x340 ../../lib/sched/libsched.a(task.o)
                0x0000000000008554                CTask::Run()
                0x000000000000856c                CTask::TaskEntry(void*)
                0x00000000000085c4                CTask::~CTask()
                0x00000000000085c4                CTask::~CTask()
                0x0000000000008624                CTask::~CTask()
                0x0000000000008690                CTask::CTask(unsigned int, bool)
                0x0000000000008690                CTask::CTask(unsigned int, bool)
                0x0000000000008788                CTask::Start()
                0x00000000000087b8                CTask::Terminate()
                0x00000000000087ec                CTask::WaitForTermination()
                0x0000000000008814                CTask::SetUserData(void*, unsigned int)
                0x0000000000008820                CTask::GetUserData(unsigned int)
                0x000000000000882c                CTask::InitializeRegs()
 .text          0x0000000000008894      0x8d0 ../../lib/sched/libsched.a(scheduler.o)
                0x0000000000008894                CScheduler::CScheduler()
                0x0000000000008894                CScheduler::CScheduler()
                0x0000000000008914                CScheduler::~CScheduler()
                0x0000000000008914                CScheduler::~CScheduler()
                0x0000000000008928                CScheduler::GetCurrentTask()
                0x0000000000008930                CScheduler::IsValidTask(CTask*)
                0x0000000000008980                CScheduler::RegisterTaskSwitchHandler(void (*)(CTask*))
                0x00000000000089cc                CScheduler::RegisterTaskTerminationHandler(void (*)(CTask*))
                0x0000000000008a18                CScheduler::SuspendNewTasks()
                0x0000000000008a28                CScheduler::ResumeNewTasks()
                0x0000000000008aa8                CScheduler::AddTask(CTask*)
                0x0000000000008b54                CScheduler::RemoveTask(CTask*)
                0x0000000000008bb8                CScheduler::WakeTasks(CTask**)
                0x0000000000008c6c                CScheduler::GetNextTask()
                0x0000000000008ddc                CScheduler::Yield()
                0x0000000000008f10                CScheduler::usSleep(unsigned int)
                0x0000000000008f1c                CScheduler::Sleep(unsigned int)
                0x0000000000008f78                CScheduler::MsSleep(unsigned int)
                0x0000000000008f94                CScheduler::BlockTask(CTask**, unsigned int)
                0x0000000000009134                CScheduler::Get()
 .text          0x0000000000009164       0x24 ../../lib/sched/libsched.a(taskswitch.o)
                0x0000000000009164                TaskSwitch
 .text          0x0000000000009188       0xf8 ../../lib/sched/libsched.a(synchronizationevent.o)
                0x0000000000009188                CSynchronizationEvent::CSynchronizationEvent(bool)
                0x0000000000009188                CSynchronizationEvent::CSynchronizationEvent(bool)
                0x0000000000009198                CSynchronizationEvent::~CSynchronizationEvent()
                0x0000000000009198                CSynchronizationEvent::~CSynchronizationEvent()
                0x00000000000091c0                CSynchronizationEvent::GetState()
                0x00000000000091c8                CSynchronizationEvent::Clear()
                0x00000000000091d4                CSynchronizationEvent::Set()
                0x0000000000009200                CSynchronizationEvent::Pulse()
                0x0000000000009220                CSynchronizationEvent::Wait()
                0x0000000000009248                CSynchronizationEvent::WaitWithTimeout(unsigned int)
 .text          0x0000000000009280      0x1f8 ../../lib/libcircle.a(actled.o)
                0x0000000000009280                CActLED::CActLED(bool)
                0x0000000000009280                CActLED::CActLED(bool)
                0x0000000000009358                CActLED::~CActLED()
                0x0000000000009358                CActLED::~CActLED()
                0x000000000000936c                CActLED::On()
                0x0000000000009398                CActLED::Off()
                0x00000000000093cc                CActLED::Blink(unsigned int, unsigned int, unsigned int)
                0x0000000000009468                CActLED::Get()
 .text          0x0000000000009478       0x84 ../../lib/libcircle.a(assert.o)
                0x0000000000009478                assertion_failed
 .text          0x00000000000094fc      0x1a0 ../../lib/libcircle.a(debug.o)
                0x00000000000094fc                debug_hexdump(void const*, unsigned int, char const*)
                0x000000000000960c                debug_stacktrace(unsigned int const*, char const*)
 .text          0x000000000000969c      0x5b0 ../../lib/libcircle.a(devicenameservice.o)
                0x000000000000969c                CDeviceNameService::CDeviceNameService()
                0x000000000000969c                CDeviceNameService::CDeviceNameService()
                0x00000000000096dc                CDeviceNameService::~CDeviceNameService()
                0x00000000000096dc                CDeviceNameService::~CDeviceNameService()
                0x0000000000009738                CDeviceNameService::AddDevice(char const*, CDevice*, bool)
                0x00000000000097e4                CDeviceNameService::RemoveDevice(char const*, bool)
                0x00000000000098f0                CDeviceNameService::GetDevice(char const*, bool)
                0x00000000000099e4                CDeviceNameService::Get()
                0x0000000000009a10                CDeviceNameService::AddDevice(char const*, unsigned int, CDevice*, bool)
                0x0000000000009a78                CDeviceNameService::RemoveDevice(char const*, unsigned int, bool)
                0x0000000000009ad8                CDeviceNameService::GetDevice(char const*, unsigned int, bool)
                0x0000000000009b40                CDeviceNameService::ListDevices(CDevice*)
 .text          0x0000000000009c4c      0xc48 ../../lib/libcircle.a(gpiopin.o)
                0x0000000000009c4c                CGPIOPin::~CGPIOPin()
                0x0000000000009c4c                CGPIOPin::~CGPIOPin()
                0x0000000000009c50                CGPIOPin::~CGPIOPin()
                0x0000000000009c68                CGPIOPin::CGPIOPin()
                0x0000000000009c68                CGPIOPin::CGPIOPin()
                0x0000000000009ca0                CGPIOPin::AssignPin(unsigned int)
                0x0000000000009d24                CGPIOPin::Write(unsigned int)
                0x0000000000009da8                CGPIOPin::Read() const
                0x0000000000009e14                CGPIOPin::Invert()
                0x0000000000009ea0                CGPIOPin::ConnectInterrupt(void (*)(void*), void*, bool)
                0x0000000000009f70                CGPIOPin::DisconnectInterrupt()
                0x000000000000a020                CGPIOPin::EnableInterrupt(TGPIOInterrupt)
                0x000000000000a118                CGPIOPin::DisableInterrupt()
                0x000000000000a1c8                CGPIOPin::EnableInterrupt2(TGPIOInterrupt)
                0x000000000000a2c0                CGPIOPin::DisableInterrupt2()
                0x000000000000a370                CGPIOPin::AcknowledgeInterrupt()
                0x000000000000a3c8                CGPIOPin::WriteAll(unsigned int, unsigned int)
                0x000000000000a3ec                CGPIOPin::ReadAll()
                0x000000000000a3fc                CGPIOPin::SetPullMode(TGPIOPullMode)
                0x000000000000a490                CGPIOPin::SetAlternateFunction(unsigned int)
                0x000000000000a54c                CGPIOPin::SetMode(TGPIOMode, bool)
                0x000000000000a6e8                CGPIOPin::CGPIOPin(unsigned int, TGPIOMode, CGPIOManager*)
                0x000000000000a6e8                CGPIOPin::CGPIOPin(unsigned int, TGPIOMode, CGPIOManager*)
                0x000000000000a78c                CGPIOPin::InterruptHandler()
                0x000000000000a808                CGPIOPin::DisableAllInterrupts(unsigned int)
 .text.startup  0x000000000000a894       0x14 ../../lib/libcircle.a(gpiopin.o)
 .text          0x000000000000a8a8      0x518 ../../lib/libcircle.a(koptions.o)
                0x000000000000a8a8                CKernelOptions::~CKernelOptions()
                0x000000000000a8a8                CKernelOptions::~CKernelOptions()
                0x000000000000a8bc                CKernelOptions::GetWidth() const
                0x000000000000a8c4                CKernelOptions::GetHeight() const
                0x000000000000a8cc                CKernelOptions::GetLogDevice() const
                0x000000000000a8d8                CKernelOptions::GetLogLevel() const
                0x000000000000a8e0                CKernelOptions::GetKeyMap() const
                0x000000000000a8e8                CKernelOptions::GetUSBPowerDelay() const
                0x000000000000a8f0                CKernelOptions::GetUSBFullSpeed() const
                0x000000000000a8f8                CKernelOptions::GetSoundDevice() const
                0x000000000000a904                CKernelOptions::GetSoundOption() const
                0x000000000000a90c                CKernelOptions::GetCPUSpeed() const
                0x000000000000a914                CKernelOptions::GetSoCMaxTemp() const
                0x000000000000a91c                CKernelOptions::Get()
                0x000000000000a92c                CKernelOptions::GetToken()
                0x000000000000a9ac                CKernelOptions::GetOptionValue(char*)
                0x000000000000a9e4                CKernelOptions::GetDecimal(char*)
                0x000000000000aa60                CKernelOptions::CKernelOptions()
                0x000000000000aa60                CKernelOptions::CKernelOptions()
 .text          0x000000000000adc0      0x8d8 ../../lib/libcircle.a(logger.o)
                0x000000000000adc0                CLogger::CLogger(unsigned int, CTimer*, bool)
                0x000000000000adc0                CLogger::CLogger(unsigned int, CTimer*, bool)
                0x000000000000ae20                CLogger::~CLogger()
                0x000000000000ae20                CLogger::~CLogger()
                0x000000000000ae98                CLogger::SetNewTarget(CDevice*)
                0x000000000000aea0                CLogger::Get()
                0x000000000000af1c                CLogger::Write(char const*)
                0x000000000000b014                CLogger::WriteNoAlloc(char const*, TLogSeverity, char const*)
                0x000000000000b0f4                CLogger::Read(void*, unsigned int, bool)
                0x000000000000b1c0                CLogger::WriteEvent(char const*, TLogSeverity, char const*)
                0x000000000000b348                CLogger::ReadEvent(TLogSeverity*, char*, char*, long*, unsigned int*, int*)
                0x000000000000b428                CLogger::RegisterEventNotificationHandler(void (*)())
                0x000000000000b430                CLogger::RegisterPanicHandler(void (*)())
                0x000000000000b438                CLogger::WriteV(char const*, TLogSeverity, char const*, std::__va_list)
                0x000000000000b620                CLogger::Write(char const*, TLogSeverity, char const*, ...)
                0x000000000000b650                CLogger::Initialize(CDevice*)
 .text          0x000000000000b698      0x84c ../../lib/libcircle.a(machineinfo.o)
                0x000000000000b698                CMachineInfo::CMachineInfo()
                0x000000000000b698                CMachineInfo::CMachineInfo()
                0x000000000000badc                CMachineInfo::~CMachineInfo()
                0x000000000000badc                CMachineInfo::~CMachineInfo()
                0x000000000000baf8                CMachineInfo::GetMachineModel() const
                0x000000000000bb00                CMachineInfo::GetMachineName() const
                0x000000000000bb14                CMachineInfo::GetModelMajor() const
                0x000000000000bb1c                CMachineInfo::GetModelRevision() const
                0x000000000000bb24                CMachineInfo::GetSoCType() const
                0x000000000000bb2c                CMachineInfo::GetRAMSize() const
                0x000000000000bb34                CMachineInfo::GetSoCName() const
                0x000000000000bb4c                CMachineInfo::GetRevisionRaw() const
                0x000000000000bb54                CMachineInfo::GetActLEDInfo() const
                0x000000000000bb6c                CMachineInfo::GetClockRate(unsigned int) const
                0x000000000000bc64                CMachineInfo::GetGPIOPin(TGPIOVirtualPin) const
                0x000000000000bcc8                CMachineInfo::GetGPIOClockSourceRate(unsigned int)
                0x000000000000bd24                CMachineInfo::GetDevice(TDeviceId) const
                0x000000000000bd54                CMachineInfo::ArePWMChannelsSwapped() const
                0x000000000000bd70                CMachineInfo::AllocateDMAChannel(unsigned int)
                0x000000000000be34                CMachineInfo::FreeDMAChannel(unsigned int)
                0x000000000000beb8                CMachineInfo::Get()
 .text          0x000000000000bee4     0x161c ../../lib/libcircle.a(screen.o)
                0x000000000000bee4                CScreenDevice::~CScreenDevice()
                0x000000000000bee4                CScreenDevice::~CScreenDevice()
                0x000000000000bf64                CScreenDevice::~CScreenDevice()
                0x000000000000c02c                CScreenDevice::CScreenDevice(unsigned int, unsigned int, bool, unsigned int)
                0x000000000000c02c                CScreenDevice::CScreenDevice(unsigned int, unsigned int, bool, unsigned int)
                0x000000000000c0bc                CScreenDevice::GetWidth() const
                0x000000000000c0c4                CScreenDevice::GetHeight() const
                0x000000000000c0cc                CScreenDevice::GetColumns() const
                0x000000000000c0e8                CScreenDevice::GetRows() const
                0x000000000000c104                CScreenDevice::GetFrameBuffer()
                0x000000000000c10c                CScreenDevice::GetStatus()
                0x000000000000c178                CScreenDevice::SetStatus(TScreenStatus const&)
                0x000000000000c288                CScreenDevice::CarriageReturn()
                0x000000000000c294                CScreenDevice::CursorHome()
                0x000000000000c2a4                CScreenDevice::CursorLeft()
                0x000000000000c310                CScreenDevice::CursorMove(unsigned int, unsigned int)
                0x000000000000c374                CScreenDevice::CursorUp()
                0x000000000000c3a4                CScreenDevice::DeleteChars(unsigned int)
                0x000000000000c3a8                CScreenDevice::DeleteLines(unsigned int)
                0x000000000000c3ac                CScreenDevice::GetTextBackgroundColor()
                0x000000000000c3c0                CScreenDevice::GetTextColor()
                0x000000000000c3d4                CScreenDevice::InsertLines(unsigned int)
                0x000000000000c3d8                CScreenDevice::InsertMode(bool)
                0x000000000000c3e0                CScreenDevice::ReverseScroll()
                0x000000000000c3e4                CScreenDevice::SetCursorMode(bool)
                0x000000000000c3ec                CScreenDevice::SetScrollRegion(unsigned int, unsigned int)
                0x000000000000c464                CScreenDevice::SetStandoutMode(unsigned int)
                0x000000000000c518                CScreenDevice::Scroll()
                0x000000000000c620                CScreenDevice::CursorDown()
                0x000000000000c66c                CScreenDevice::NewLine()
                0x000000000000c6c0                CScreenDevice::CursorRight()
                0x000000000000c734                CScreenDevice::Tabulator()
                0x000000000000c7b4                CScreenDevice::DisplayChar(char, unsigned int, unsigned int, unsigned short)
                0x000000000000c888                CScreenDevice::DisplayChar(char)
                0x000000000000c934                CScreenDevice::EraseChar(unsigned int, unsigned int)
                0x000000000000c9bc                CScreenDevice::ClearLineEnd()
                0x000000000000ca64                CScreenDevice::EraseChars(unsigned int)
                0x000000000000ca70                CScreenDevice::ClearDisplayEnd()
                0x000000000000cbcc                CScreenDevice::Initialize()
                0x000000000000cd64                CScreenDevice::Write(char)
                0x000000000000d368                CScreenDevice::Write(void const*, unsigned int)
                0x000000000000d42c                CScreenDevice::InvertCursor()
                0x000000000000d43c                CScreenDevice::SetPixel(unsigned int, unsigned int, unsigned short)
                0x000000000000d468                CScreenDevice::GetPixel(unsigned int, unsigned int)
                0x000000000000d4a0                CScreenDevice::Rotor(unsigned int, unsigned int)
 .text          0x000000000000d500     0x1734 ../../lib/libcircle.a(string.o)
                0x000000000000d500                CString::~CString()
                0x000000000000d500                CString::~CString()
                0x000000000000d52c                CString::~CString()
                0x000000000000d5cc                CString::CString()
                0x000000000000d5cc                CString::CString()
                0x000000000000d5e4                CString::CString(char const*)
                0x000000000000d5e4                CString::CString(char const*)
                0x000000000000d624                CString::CString(CString const&)
                0x000000000000d624                CString::CString(CString const&)
                0x000000000000d67c                CString::CString(CString&&)
                0x000000000000d67c                CString::CString(CString&&)
                0x000000000000d6ac                CString::operator char const*() const
                0x000000000000d6c4                CString::operator=(char const*)
                0x000000000000d708                CString::operator=(CString const&)
                0x000000000000d764                CString::operator=(CString&&)
                0x000000000000d7a4                CString::GetLength() const
                0x000000000000d7b4                CString::Append(char const*)
                0x000000000000d838                CString::Compare(char const*) const
                0x000000000000d840                CString::Find(char) const
                0x000000000000d874                CString::Replace(char const*, char const*)
                0x000000000000da1c                CString::PutChar(char, unsigned int)
                0x000000000000da5c                CString::PutString(char const*)
                0x000000000000daa0                CString::ReserveSpace(unsigned int)
                0x000000000000db10                CString::ntoa(char*, unsigned long, unsigned int, bool)
                0x000000000000db9c                CString::lltoa(char*, unsigned long long, unsigned int, bool)
                0x000000000000dce0                CString::ftoa(char*, double, unsigned int)
                0x000000000000df24                CString::FormatV(char const*, std::__va_list)
                0x000000000000ec08                CString::Format(char const*, ...)
 .text          0x000000000000ec34      0x10c ../../lib/libcircle.a(sysinit.o)
                0x000000000000ec34                __aeabi_atexit
                0x000000000000ec38                __errno
                0x000000000000ec44                set_qemu_exit_status
                0x000000000000ec48                halt
                0x000000000000ec5c                reboot
                0x000000000000ec80                sysinit
 .text          0x000000000000ed40      0xdb4 ../../lib/libcircle.a(timer.o)
                0x000000000000ed40                CTimer::CTimer(CInterruptSystem*)
                0x000000000000ed40                CTimer::CTimer(CInterruptSystem*)
                0x000000000000edc8                CTimer::~CTimer()
                0x000000000000edc8                CTimer::~CTimer()
                0x000000000000eeb4                CTimer::SetTimeZone(int)
                0x000000000000eed8                CTimer::GetTimeZone() const
                0x000000000000eee0                CTimer::SetTime(unsigned int, bool)
                0x000000000000ef8c                CTimer::GetClockTicks()
                0x000000000000ef98                CTimer::GetTicks() const
                0x000000000000efa0                CTimer::GetUptime() const
                0x000000000000efa8                CTimer::GetTime() const
                0x000000000000efb0                CTimer::GetLocalTime(unsigned int*, unsigned int*)
                0x000000000000f068                CTimer::GetUniversalTime() const
                0x000000000000f088                CTimer::GetUniversalTime(unsigned int*, unsigned int*)
                0x000000000000f15c                CTimer::GetTimeString()
                0x000000000000f334                CTimer::StartKernelTimer(unsigned int, void (*)(unsigned int, void*, void*), void*, void*)
                0x000000000000f488                CTimer::CancelKernelTimer(unsigned int)
                0x000000000000f530                CTimer::PollKernelTimers()
                0x000000000000f678                CTimer::InterruptHandler()
                0x000000000000f76c                CTimer::InterruptHandler(void*)
                0x000000000000f794                CTimer::TuneMsDelay()
                0x000000000000f834                CTimer::Initialize()
                0x000000000000f90c                CTimer::RegisterUpdateTimeHandler(bool (*)(unsigned int, unsigned int))
                0x000000000000f958                CTimer::RegisterPeriodicHandler(void (*)())
                0x000000000000f9c0                CTimer::SimpleMsDelay(unsigned int)
                0x000000000000f9fc                CTimer::SimpleusDelay(unsigned int)
                0x000000000000fa28                CTimer::IsLeapYear(unsigned int)
                0x000000000000fa6c                CTimer::GetDaysOfMonth(unsigned int, unsigned int)
                0x000000000000fac4                CTimer::Get()
 .text          0x000000000000faf4      0x97c ../../lib/libcircle.a(util.o)
                0x000000000000faf4                memset
                0x000000000000fc20                memmove
                0x000000000000fc5c                memcmp
                0x000000000000fcac                strlen
                0x000000000000fcd4                strcmp
                0x000000000000fd48                strcasecmp
                0x000000000000fdd0                strncmp
                0x000000000000fe40                strncasecmp
                0x000000000000ff30                strcpy
                0x000000000000ff5c                strncpy
                0x000000000000ff94                strcat
                0x000000000000ffd8                strchr
                0x0000000000010000                strstr
                0x0000000000010068                strtok_r
                0x0000000000010138                strtoul
                0x00000000000102ac                strtoull
                0x0000000000010460                atoi
                0x000000000001046c                char2int
 .text          0x0000000000010470       0x5c ../../lib/libcircle.a(util_fast.o)
                0x0000000000010470                memcpy
 .text          0x00000000000104cc      0x2b0 ../../lib/libcircle.a(virtualgpiopin.o)
                0x00000000000104cc                CVirtualGPIOPin::~CVirtualGPIOPin()
                0x00000000000104cc                CVirtualGPIOPin::~CVirtualGPIOPin()
                0x00000000000104d0                CVirtualGPIOPin::~CVirtualGPIOPin()
                0x00000000000104e8                CVirtualGPIOPin::Write(unsigned int)
                0x0000000000010620                CVirtualGPIOPin::CVirtualGPIOPin(unsigned int, bool)
                0x0000000000010620                CVirtualGPIOPin::CVirtualGPIOPin(unsigned int, bool)
                0x0000000000010770                CVirtualGPIOPin::Invert()
 .text.startup  0x000000000001077c       0x14 ../../lib/libcircle.a(virtualgpiopin.o)
 .text          0x0000000000010790       0xb4 ../../lib/libcircle.a(chainboot.o)
                0x00000000000107d8                EnableChainBoot
                0x0000000000010818                IsChainBootEnabled
                0x0000000000010830                DoChainBoot
 .text          0x0000000000010844       0xf0 ../../lib/libcircle.a(new.o)
                0x0000000000010844                operator new(unsigned int, int)
                0x000000000001086c                operator new[](unsigned int, int)
                0x0000000000010894                operator new(unsigned int, void*)
                0x000000000001089c                operator new[](unsigned int, void*)
                0x00000000000108a4                operator new(unsigned int)
                0x00000000000108bc                operator new[](unsigned int)
                0x00000000000108d4                operator delete(void*)
                0x00000000000108ec                operator delete[](void*)
                0x0000000000010904                operator delete(void*, unsigned int)
                0x000000000001091c                operator delete[](void*, unsigned int)
 .text          0x0000000000010934      0x368 ../../lib/libcircle.a(heapallocator.o)
                0x0000000000010934                CHeapAllocator::CHeapAllocator(char const*)
                0x0000000000010934                CHeapAllocator::CHeapAllocator(char const*)
                0x0000000000010990                CHeapAllocator::~CHeapAllocator()
                0x0000000000010990                CHeapAllocator::~CHeapAllocator()
                0x0000000000010994                CHeapAllocator::Setup(unsigned int, unsigned int, unsigned int)
                0x00000000000109a0                CHeapAllocator::GetFreeSpace() const
                0x00000000000109ac                CHeapAllocator::Allocate(unsigned int)
                0x0000000000010b50                CHeapAllocator::Free(void*)
                0x0000000000010bf8                CHeapAllocator::ReAllocate(void*, unsigned int)
 .text          0x0000000000010c9c      0x1f4 ../../lib/libcircle.a(cache-v7.o)
                0x0000000000010c9c                InvalidateDataCacheL1Only
                0x0000000000010d08                InvalidateDataCache
                0x0000000000010db0                CleanDataCache
                0x0000000000010e58                CleanAndInvalidateDataCacheRange
 .text          0x0000000000010e90      0x31c ../../lib/libcircle.a(memory.o)
                0x0000000000010e90                CMemorySystem::~CMemorySystem()
                0x0000000000010e90                CMemorySystem::~CMemorySystem()
                0x0000000000010ef8                CMemorySystem::Destructor()
                0x0000000000010f44                CMemorySystem::GetMemSize() const
                0x0000000000010f7c                CMemorySystem::Get()
                0x0000000000010fa8                CMemorySystem::EnableMMU()
                0x000000000001105c                CMemorySystem::CMemorySystem(bool)
                0x000000000001105c                CMemorySystem::CMemorySystem(bool)
                0x00000000000111a0                CMemorySystem::GetCoherentPage(unsigned int)
 .text          0x00000000000111ac       0xa4 ../../lib/libcircle.a(pagetable.o)
                0x00000000000111ac                CPageTable::CPageTable(unsigned int)
                0x00000000000111ac                CPageTable::CPageTable(unsigned int)
                0x0000000000011240                CPageTable::~CPageTable()
                0x0000000000011240                CPageTable::~CPageTable()
                0x0000000000011244                CPageTable::GetBaseAddress() const
 .text          0x0000000000011250        0x0 ../../lib/libcircle.a(startup.o)
 .text          0x0000000000011250      0x134 ../../lib/libcircle.a(synchronize.o)
                0x0000000000011250                CurrentExecutionLevel
                0x0000000000011264                EnterCritical
                0x0000000000011310                LeaveCritical
                0x0000000000011364                SyncDataAndInstructionCache
 .text          0x0000000000011384      0x6c0 ../../lib/libcircle.a(interrupt.o)
                0x0000000000011384                CInterruptSystem::CInterruptSystem()
                0x0000000000011384                CInterruptSystem::CInterruptSystem()
                0x00000000000113b0                CInterruptSystem::~CInterruptSystem()
                0x00000000000113b0                CInterruptSystem::~CInterruptSystem()
                0x00000000000113f0                CInterruptSystem::Initialize()
                0x0000000000011460                CInterruptSystem::ConnectIRQ(unsigned int, void (*)(void*), void*)
                0x000000000001152c                CInterruptSystem::DisconnectIRQ(unsigned int)
                0x00000000000115fc                CInterruptSystem::ConnectFIQ(unsigned int, void (*)(void*), void*)
                0x0000000000011688                CInterruptSystem::DisconnectFIQ()
                0x00000000000116ec                CInterruptSystem::EnableIRQ(unsigned int)
                0x0000000000011788                CInterruptSystem::DisableIRQ(unsigned int)
                0x0000000000011824                CInterruptSystem::EnableFIQ(unsigned int)
                0x000000000001185c                CInterruptSystem::DisableFIQ()
                0x0000000000011870                CInterruptSystem::Get()
                0x00000000000118a0                CInterruptSystem::CallIRQHandler(unsigned int)
                0x00000000000118f4                CInterruptSystem::InterruptHandler()
                0x0000000000011a40                InterruptHandler
 .text          0x0000000000011a44      0x4bc ../../lib/libcircle.a(bcmframebuffer.o)
                0x0000000000011ad4                CBcmFrameBuffer::CBcmFrameBuffer(unsigned int, unsigned int, unsigned int, unsigned int, unsigned int, unsigned int, bool)
                0x0000000000011ad4                CBcmFrameBuffer::CBcmFrameBuffer(unsigned int, unsigned int, unsigned int, unsigned int, unsigned int, unsigned int, bool)
                0x0000000000011c2c                CBcmFrameBuffer::~CBcmFrameBuffer()
                0x0000000000011c2c                CBcmFrameBuffer::~CBcmFrameBuffer()
                0x0000000000011c50                CBcmFrameBuffer::SetPalette(unsigned char, unsigned short)
                0x0000000000011c8c                CBcmFrameBuffer::SetPalette32(unsigned char, unsigned int)
                0x0000000000011ca4                CBcmFrameBuffer::Initialize()
                0x0000000000011d80                CBcmFrameBuffer::GetWidth() const
                0x0000000000011d88                CBcmFrameBuffer::GetHeight() const
                0x0000000000011d90                CBcmFrameBuffer::GetVirtWidth() const
                0x0000000000011d98                CBcmFrameBuffer::GetVirtHeight() const
                0x0000000000011da0                CBcmFrameBuffer::GetPitch() const
                0x0000000000011da8                CBcmFrameBuffer::GetDepth() const
                0x0000000000011db0                CBcmFrameBuffer::GetBuffer() const
                0x0000000000011db8                CBcmFrameBuffer::GetSize() const
                0x0000000000011dc0                CBcmFrameBuffer::UpdatePalette()
                0x0000000000011dd8                CBcmFrameBuffer::SetVirtualOffset(unsigned int, unsigned int)
                0x0000000000011e54                CBcmFrameBuffer::WaitForVerticalSync()
                0x0000000000011ea0                CBcmFrameBuffer::SetBacklightBrightness(unsigned int)
                0x0000000000011ef4                CBcmFrameBuffer::SetDisplay()
                0x0000000000011ef8                CBcmFrameBuffer::GetNumDisplays()
 .text          0x0000000000011f00      0x198 ../../lib/libcircle.a(bcmpropertytags.o)
                0x0000000000011f00                CBcmPropertyTags::CBcmPropertyTags(bool)
                0x0000000000011f00                CBcmPropertyTags::CBcmPropertyTags(bool)
                0x0000000000011f1c                CBcmPropertyTags::~CBcmPropertyTags()
                0x0000000000011f1c                CBcmPropertyTags::~CBcmPropertyTags()
                0x0000000000011f30                CBcmPropertyTags::GetTags(void*, unsigned int)
                0x0000000000012018                CBcmPropertyTags::GetTag(unsigned int, void*, unsigned int, unsigned int)
 .text          0x0000000000012098       0x94 ../../lib/libcircle.a(chargenerator.o)
                0x0000000000012098                CCharGenerator::CCharGenerator()
                0x0000000000012098                CCharGenerator::CCharGenerator()
                0x00000000000120a4                CCharGenerator::~CCharGenerator()
                0x00000000000120a4                CCharGenerator::~CCharGenerator()
                0x00000000000120a8                CCharGenerator::GetCharWidth() const
                0x00000000000120b0                CCharGenerator::GetCharHeight() const
                0x00000000000120b8                CCharGenerator::GetUnderline() const
                0x00000000000120c0                CCharGenerator::GetPixel(char, unsigned int, unsigned int) const
 *fill*         0x000000000001212c        0x4 
 .text          0x0000000000012130       0x14 ../../lib/libcircle.a(delayloop.o)
                0x0000000000012130                DelayLoop
 .text          0x0000000000012144       0xa4 ../../lib/libcircle.a(device.o)
                0x0000000000012144                CDevice::~CDevice()
                0x0000000000012144                CDevice::~CDevice()
                0x0000000000012174                CDevice::Write(void const*, unsigned int)
                0x0000000000012174                CDevice::Read(void*, unsigned int)
                0x000000000001217c                CDevice::Seek(unsigned long long)
                0x0000000000012188                CDevice::RemoveDevice()
                0x0000000000012190                CDevice::~CDevice()
                0x00000000000121cc                CDevice::CDevice()
                0x00000000000121cc                CDevice::CDevice()
                0x00000000000121e0                CDevice::RegisterRemovedHandler(void (*)(CDevice*, void*), void*)
 .text          0x00000000000121e8      0xb30 ../../lib/libcircle.a(dmachannel.o)
                0x00000000000121e8                CDMAChannel::CDMAChannel(unsigned int, CInterruptSystem*)
                0x00000000000121e8                CDMAChannel::CDMAChannel(unsigned int, CInterruptSystem*)
                0x00000000000122cc                CDMAChannel::~CDMAChannel()
                0x00000000000122cc                CDMAChannel::~CDMAChannel()
                0x00000000000123b8                CDMAChannel::SetupMemCopy(void*, void const*, unsigned int, unsigned int, bool)
                0x0000000000012530                CDMAChannel::SetupIORead(void*, unsigned int, unsigned int, TDREQ)
                0x0000000000012664                CDMAChannel::SetupIOWrite(unsigned int, void const*, unsigned int, TDREQ)
                0x0000000000012798                CDMAChannel::SetupMemCopy2D(void*, void const*, unsigned int, unsigned int, unsigned int, unsigned int)
                0x0000000000012934                CDMAChannel::SetCompletionRoutine(void (*)(unsigned int, bool, void*), void*)
                0x00000000000129d8                CDMAChannel::Start()
                0x0000000000012b00                CDMAChannel::Wait()
                0x0000000000012b8c                CDMAChannel::GetStatus()
                0x0000000000012be4                CDMAChannel::InterruptHandler()
                0x0000000000012cf4                CDMAChannel::InterruptStub(void*)
 .text          0x0000000000012d18      0x338 ../../lib/libcircle.a(gpiomanager.o)
                0x0000000000012d18                CGPIOManager::CGPIOManager(CInterruptSystem*)
                0x0000000000012d18                CGPIOManager::CGPIOManager(CInterruptSystem*)
                0x0000000000012d3c                CGPIOManager::~CGPIOManager()
                0x0000000000012d3c                CGPIOManager::~CGPIOManager()
                0x0000000000012dbc                CGPIOManager::Initialize()
                0x0000000000012e2c                CGPIOManager::ConnectInterrupt(CGPIOPin*)
                0x0000000000012ec8                CGPIOManager::DisconnectInterrupt(CGPIOPin*)
                0x0000000000012f68                CGPIOManager::InterruptHandler()
                0x0000000000013028                CGPIOManager::InterruptStub(void*)
 .text          0x0000000000013050      0x44c ../../lib/libcircle.a(ptrlist.o)
                0x0000000000013050                CPtrList::CPtrList()
                0x0000000000013050                CPtrList::CPtrList()
                0x000000000001305c                CPtrList::~CPtrList()
                0x000000000001305c                CPtrList::~CPtrList()
                0x0000000000013084                CPtrList::GetFirst()
                0x000000000001308c                CPtrList::GetNext(TPtrListElement*)
                0x00000000000130e4                CPtrList::GetPtr(TPtrListElement*)
                0x000000000001313c                CPtrList::InsertBefore(TPtrListElement*, void*)
                0x000000000001322c                CPtrList::InsertAfter(TPtrListElement*, void*)
                0x000000000001331c                CPtrList::Remove(TPtrListElement*)
                0x0000000000013444                CPtrList::Find(void*)
 .text          0x000000000001349c      0x1c8 ../../lib/libcircle.a(pageallocator.o)
                0x000000000001349c                CPageAllocator::CPageAllocator()
                0x000000000001349c                CPageAllocator::CPageAllocator()
                0x00000000000134b8                CPageAllocator::~CPageAllocator()
                0x00000000000134b8                CPageAllocator::~CPageAllocator()
                0x00000000000134bc                CPageAllocator::Setup(unsigned int, unsigned int)
                0x0000000000013524                CPageAllocator::GetFreeSpace() const
                0x0000000000013530                CPageAllocator::Allocate()
                0x00000000000135fc                CPageAllocator::Free(void*)
 .text          0x0000000000013664      0x164 ../../lib/libcircle.a(exceptionstub.o)
                0x0000000000013664                UndefinedInstructionInternal
                0x00000000000136b4                PrefetchAbortStub
                0x0000000000013704                DataAbortStub
                0x0000000000013754                UndefinedInstructionStub
                0x0000000000013770                IRQStub
                0x0000000000013788                FIQStub
 .text          0x00000000000137c8      0x1c8 ../../lib/libcircle.a(bcmmailbox.o)
                0x00000000000137c8                CBcmMailBox::CBcmMailBox(unsigned int, bool)
                0x00000000000137c8                CBcmMailBox::CBcmMailBox(unsigned int, bool)
                0x00000000000137d4                CBcmMailBox::~CBcmMailBox()
                0x00000000000137d4                CBcmMailBox::~CBcmMailBox()
                0x00000000000137d8                CBcmMailBox::WriteRead(unsigned int)
                0x00000000000138e4                CBcmMailBox::Flush()
                0x0000000000013918                CBcmMailBox::Read()
                0x0000000000013948                CBcmMailBox::Write(unsigned int)
 .text.startup  0x0000000000013990       0x14 ../../lib/libcircle.a(bcmmailbox.o)
 .text          0x00000000000139a4      0x2c8 ../../lib/libcircle.a(exceptionhandler.o)
                0x00000000000139a4                CExceptionHandler::CExceptionHandler()
                0x00000000000139a4                CExceptionHandler::CExceptionHandler()
                0x0000000000013a3c                CExceptionHandler::~CExceptionHandler()
                0x0000000000013a3c                CExceptionHandler::~CExceptionHandler()
                0x0000000000013a50                CExceptionHandler::Throw(unsigned int)
                0x0000000000013a90                CExceptionHandler::Throw(unsigned int, TAbortFrame*)
                0x0000000000013b80                CExceptionHandler::Get()
                0x0000000000013bb0                ExceptionHandler
                0x0000000000013c00                raise
 .text          0x0000000000013c6c       0xa0 /Applications/ARM/bin/../lib/gcc/arm-none-eabi/10.3.1/thumb/v8-a+simd/hard/libgcc.a(_aeabi_ldivmod.o)
                0x0000000000013c6c                __aeabi_ldivmod
 .text          0x0000000000013d0c       0x30 /Applications/ARM/bin/../lib/gcc/arm-none-eabi/10.3.1/thumb/v8-a+simd/hard/libgcc.a(_aeabi_uldivmod.o)
                0x0000000000013d0c                __aeabi_uldivmod
 .text          0x0000000000013d3c      0x364 /Applications/ARM/bin/../lib/gcc/arm-none-eabi/10.3.1/thumb/v8-a+simd/hard/libgcc.a(_udivmoddi4.o)
                0x0000000000013d3c                __udivmoddi4
 .text          0x00000000000140a0        0x4 /Applications/ARM/bin/../lib/gcc/arm-none-eabi/10.3.1/thumb/v8-a+simd/hard/libgcc.a(_dvmd_tls.o)
                0x00000000000140a0                __aeabi_ldiv0
                0x00000000000140a0                __aeabi_idiv0
                0x00000000000140a4                _etext = .

.glue_7         0x00000000000140a4        0x0
 .glue_7        0x00000000000140a4        0x0 linker stubs

.glue_7t        0x00000000000140a4        0x0
 .glue_7t       0x00000000000140a4        0x0 linker stubs

.vfp11_veneer   0x00000000000140a4        0x0
 .vfp11_veneer  0x00000000000140a4        0x0 linker stubs

.v4_bx          0x00000000000140a4        0x0
 .v4_bx         0x00000000000140a4        0x0 linker stubs

.iplt           0x00000000000140a4        0x0
 .iplt          0x00000000000140a4        0x0 main.o

.rodata         0x00000000000140a4     0x27df
 *(.rodata*)
 .rodata.str1.4
                0x00000000000140a4       0x30 kernel.o
 .rodata        0x00000000000140d4        0x7 kernel.o
 *fill*         0x00000000000140db        0x1 
 .rodata.str1.4
                0x00000000000140dc        0xa ledblink.o
 *fill*         0x00000000000140e6        0x2 
 .rodata        0x00000000000140e8       0x14 ledblink.o
                0x00000000000140e8                vtable for CLEDBlink
 .rodata        0x00000000000140fc       0xa8 ../../lib/sched/libsched.a(task.o)
                0x0000000000014118                vtable for CTask
 .rodata.str1.4
                0x00000000000141a4      0x1ed ../../lib/sched/libsched.a(scheduler.o)
                                        0x1f1 (size before relaxing)
 *fill*         0x0000000000014391        0x3 
 .rodata        0x0000000000014394        0x6 ../../lib/sched/libsched.a(scheduler.o)
 *fill*         0x000000000001439a        0x2 
 .rodata.str1.4
                0x000000000001439c       0x31 ../../lib/sched/libsched.a(synchronizationevent.o)
 *fill*         0x00000000000143cd        0x3 
 .rodata.str1.4
                0x00000000000143d0       0x1d ../../lib/libcircle.a(assert.o)
 *fill*         0x00000000000143ed        0x3 
 .rodata.str1.4
                0x00000000000143f0       0x93 ../../lib/libcircle.a(debug.o)
 *fill*         0x0000000000014483        0x1 
 .rodata        0x0000000000014484        0x6 ../../lib/libcircle.a(debug.o)
 *fill*         0x000000000001448a        0x2 
 .rodata        0x000000000001448c       0x96 ../../lib/libcircle.a(devicenameservice.o)
 *fill*         0x0000000000014522        0x2 
 .rodata        0x0000000000014524      0x2e5 ../../lib/libcircle.a(gpiopin.o)
                0x0000000000014524                vtable for CGPIOPin
 *fill*         0x0000000000014809        0x3 
 .rodata        0x000000000001480c       0x8f ../../lib/libcircle.a(koptions.o)
 *fill*         0x000000000001489b        0x1 
 .rodata        0x000000000001489c       0x3f ../../lib/libcircle.a(logger.o)
 *fill*         0x00000000000148db        0x1 
 .rodata        0x00000000000148dc      0x481 ../../lib/libcircle.a(machineinfo.o)
 *fill*         0x0000000000014d5d        0x3 
 .rodata        0x0000000000014d60       0x29 ../../lib/libcircle.a(screen.o)
                0x0000000000014d60                vtable for CScreenDevice
 *fill*         0x0000000000014d89        0x3 
 .rodata        0x0000000000014d8c       0x27 ../../lib/libcircle.a(string.o)
                0x0000000000014d8c                vtable for CString
 *fill*         0x0000000000014db3        0x1 
 .rodata.str1.4
                0x0000000000014db4      0x1e0 ../../lib/libcircle.a(timer.o)
                                        0x210 (size before relaxing)
 .rodata        0x0000000000014f94       0x36 ../../lib/libcircle.a(timer.o)
                0x0000000000014f94                CTimer::s_nDaysOfMonth
 *fill*         0x0000000000014fca        0x2 
 .rodata        0x0000000000014fcc       0x30 ../../lib/libcircle.a(virtualgpiopin.o)
                0x0000000000014fec                vtable for CVirtualGPIOPin
 .rodata        0x0000000000014ffc       0x7b ../../lib/libcircle.a(heapallocator.o)
 *fill*         0x0000000000015077        0x1 
 .rodata        0x0000000000015078       0x90 ../../lib/libcircle.a(memory.o)
 .rodata.str1.4
                0x0000000000015108       0xb5 ../../lib/libcircle.a(synchronize.o)
 *fill*         0x00000000000151bd        0x3 
 .rodata.str1.4
                0x00000000000151c0       0xf1 ../../lib/libcircle.a(interrupt.o)
                                        0x111 (size before relaxing)
 *fill*         0x00000000000152b1        0x3 
 .rodata        0x00000000000152b4       0x70 ../../lib/libcircle.a(bcmframebuffer.o)
                0x00000000000152b4                CBcmFrameBuffer::s_InitTags
 .rodata        0x0000000000015324       0x98 ../../lib/libcircle.a(bcmpropertytags.o)
 .rodata.str1.4
                0x00000000000153bc       0x29 ../../lib/libcircle.a(chargenerator.o)
 *fill*         0x00000000000153e5        0x3 
 .rodata        0x00000000000153e8      0xdf0 ../../lib/libcircle.a(chargenerator.o)
 .rodata        0x00000000000161d8       0x20 ../../lib/libcircle.a(device.o)
                0x00000000000161d8                vtable for CDevice
 .rodata        0x00000000000161f8      0x33f ../../lib/libcircle.a(dmachannel.o)
 *fill*         0x0000000000016537        0x1 
 .rodata.str1.4
                0x0000000000016538       0x9c ../../lib/libcircle.a(gpiomanager.o)
 .rodata.str1.4
                0x00000000000165d4      0x176 ../../lib/libcircle.a(ptrlist.o)
 *fill*         0x000000000001674a        0x2 
 .rodata        0x000000000001674c       0x48 ../../lib/libcircle.a(pageallocator.o)
 .rodata.str1.4
                0x0000000000016794       0x23 ../../lib/libcircle.a(bcmmailbox.o)
 *fill*         0x00000000000167b7        0x1 
 .rodata.str1.4
                0x00000000000167b8       0xc4 ../../lib/libcircle.a(exceptionhandler.o)
                                         0xe4 (size before relaxing)
 .rodata        0x000000000001687c        0x7 ../../lib/libcircle.a(exceptionhandler.o)

.ARM.extab      0x0000000000016883        0x0
 .ARM.extab     0x0000000000016883        0x0 /Applications/ARM/bin/../lib/gcc/arm-none-eabi/10.3.1/thumb/v8-a+simd/hard/libgcc.a(_udivmoddi4.o)

.init_array     0x0000000000016884        0xc
                0x0000000000016884                __init_start = .
 *(.init_array*)
 .init_array    0x0000000000016884        0x4 ../../lib/libcircle.a(gpiopin.o)
 .init_array    0x0000000000016888        0x4 ../../lib/libcircle.a(virtualgpiopin.o)
 .init_array    0x000000000001688c        0x4 ../../lib/libcircle.a(bcmmailbox.o)
                0x0000000000016890                __init_end = .

.ARM.exidx      0x0000000000016890        0x8
                0x0000000000016890                __exidx_start = .
 *(.ARM.exidx*)
 .ARM.exidx     0x0000000000016890        0x8 /Applications/ARM/bin/../lib/gcc/arm-none-eabi/10.3.1/thumb/v8-a+simd/hard/libgcc.a(_udivmoddi4.o)
                0x0000000000016898                __exidx_end = .

.rel.dyn        0x0000000000016898        0x0
 .rel.iplt      0x0000000000016898        0x0 main.o

.eh_frame
 *(.eh_frame*)

.data           0x0000000000016898       0x70
 *(.data*)
 .data          0x0000000000016898        0x0 main.o
 .data          0x0000000000016898        0x0 kernel.o
 .data          0x0000000000016898        0x0 ledblink.o
 .data          0x0000000000016898        0x0 ../../lib/sched/libsched.a(task.o)
 .data          0x0000000000016898        0x0 ../../lib/sched/libsched.a(scheduler.o)
 .data          0x0000000000016898        0x0 ../../lib/sched/libsched.a(taskswitch.o)
 .data          0x0000000000016898        0x0 ../../lib/sched/libsched.a(synchronizationevent.o)
 .data          0x0000000000016898        0x0 ../../lib/libcircle.a(actled.o)
 .data          0x0000000000016898        0x0 ../../lib/libcircle.a(assert.o)
 .data          0x0000000000016898        0x0 ../../lib/libcircle.a(debug.o)
 .data          0x0000000000016898        0x0 ../../lib/libcircle.a(devicenameservice.o)
 .data          0x0000000000016898        0x0 ../../lib/libcircle.a(gpiopin.o)
 .data          0x0000000000016898        0x0 ../../lib/libcircle.a(koptions.o)
 .data          0x0000000000016898        0x0 ../../lib/libcircle.a(logger.o)
 .data          0x0000000000016898        0x0 ../../lib/libcircle.a(machineinfo.o)
 .data          0x0000000000016898        0x0 ../../lib/libcircle.a(screen.o)
 .data          0x0000000000016898        0x0 ../../lib/libcircle.a(string.o)
 .data          0x0000000000016898        0x0 ../../lib/libcircle.a(sysinit.o)
 .data          0x0000000000016898       0x30 ../../lib/libcircle.a(timer.o)
                0x0000000000016898                CTimer::s_pMonthName
 .data          0x00000000000168c8        0x0 ../../lib/libcircle.a(util.o)
 .data          0x00000000000168c8        0x0 ../../lib/libcircle.a(util_fast.o)
 .data          0x00000000000168c8        0x0 ../../lib/libcircle.a(virtualgpiopin.o)
 .data          0x00000000000168c8        0x0 ../../lib/libcircle.a(chainboot.o)
 .data          0x00000000000168c8        0x0 ../../lib/libcircle.a(new.o)
 .data          0x00000000000168c8       0x1c ../../lib/libcircle.a(heapallocator.o)
                0x00000000000168c8                CHeapAllocator::s_nBucketSize
 .data          0x00000000000168e4        0x0 ../../lib/libcircle.a(cache-v7.o)
 .data          0x00000000000168e4        0x0 ../../lib/libcircle.a(memory.o)
 .data          0x00000000000168e4        0x0 ../../lib/libcircle.a(pagetable.o)
 .data          0x00000000000168e4        0x0 ../../lib/libcircle.a(startup.o)
 .data          0x00000000000168e4        0x0 ../../lib/libcircle.a(synchronize.o)
 .data          0x00000000000168e4        0x0 ../../lib/libcircle.a(interrupt.o)
 .data          0x00000000000168e4        0x0 ../../lib/libcircle.a(bcmframebuffer.o)
 .data          0x00000000000168e4        0x0 ../../lib/libcircle.a(bcmpropertytags.o)
 .data          0x00000000000168e4        0x0 ../../lib/libcircle.a(chargenerator.o)
 .data          0x00000000000168e4        0x0 ../../lib/libcircle.a(delayloop.o)
 .data          0x00000000000168e4        0x0 ../../lib/libcircle.a(device.o)
 .data          0x00000000000168e4        0x0 ../../lib/libcircle.a(dmachannel.o)
 .data          0x00000000000168e4        0x0 ../../lib/libcircle.a(gpiomanager.o)
 .data          0x00000000000168e4        0x0 ../../lib/libcircle.a(ptrlist.o)
 .data          0x00000000000168e4        0x0 ../../lib/libcircle.a(pageallocator.o)
 .data          0x00000000000168e4       0x10 ../../lib/libcircle.a(exceptionstub.o)
                0x00000000000168e4                FIQData
                0x00000000000168f0                IRQReturnAddress
 .data          0x00000000000168f4        0x0 ../../lib/libcircle.a(bcmmailbox.o)
 .data          0x00000000000168f4       0x14 ../../lib/libcircle.a(exceptionhandler.o)
                0x00000000000168f4                CExceptionHandler::s_pExceptionName
 .data          0x0000000000016908        0x0 /Applications/ARM/bin/../lib/gcc/arm-none-eabi/10.3.1/thumb/v8-a+simd/hard/libgcc.a(_aeabi_ldivmod.o)
 .data          0x0000000000016908        0x0 /Applications/ARM/bin/../lib/gcc/arm-none-eabi/10.3.1/thumb/v8-a+simd/hard/libgcc.a(_aeabi_uldivmod.o)
 .data          0x0000000000016908        0x0 /Applications/ARM/bin/../lib/gcc/arm-none-eabi/10.3.1/thumb/v8-a+simd/hard/libgcc.a(_udivmoddi4.o)
 .data          0x0000000000016908        0x0 /Applications/ARM/bin/../lib/gcc/arm-none-eabi/10.3.1/thumb/v8-a+simd/hard/libgcc.a(_dvmd_tls.o)

.igot.plt       0x0000000000016908        0x0
 .igot.plt      0x0000000000016908        0x0 main.o

.bss            0x0000000000016908       0x9c
                0x0000000000016908                __bss_start = .
 *(.bss*)
 .bss           0x0000000000016908        0x0 main.o
 .bss           0x0000000000016908        0x0 kernel.o
 .bss           0x0000000000016908        0x0 ledblink.o
 .bss           0x0000000000016908        0x0 ../../lib/sched/libsched.a(task.o)
 .bss           0x0000000000016908        0x4 ../../lib/sched/libsched.a(scheduler.o)
                0x0000000000016908                CScheduler::s_pThis
 .bss           0x000000000001690c        0x0 ../../lib/sched/libsched.a(taskswitch.o)
 .bss           0x000000000001690c        0x0 ../../lib/sched/libsched.a(synchronizationevent.o)
 .bss           0x000000000001690c        0x4 ../../lib/libcircle.a(actled.o)
                0x000000000001690c                CActLED::s_pThis
 .bss           0x0000000000016910        0x0 ../../lib/libcircle.a(assert.o)
 .bss           0x0000000000016910        0x0 ../../lib/libcircle.a(debug.o)
 .bss           0x0000000000016910        0x4 ../../lib/libcircle.a(devicenameservice.o)
                0x0000000000016910                CDeviceNameService::s_This
 .bss           0x0000000000016914        0x4 ../../lib/libcircle.a(gpiopin.o)
                0x0000000000016914                CGPIOPin::s_SpinLock
 .bss           0x0000000000016918        0x4 ../../lib/libcircle.a(koptions.o)
                0x0000000000016918                CKernelOptions::s_pThis
 .bss           0x000000000001691c        0x4 ../../lib/libcircle.a(logger.o)
                0x000000000001691c                CLogger::s_pThis
 .bss           0x0000000000016920        0x4 ../../lib/libcircle.a(machineinfo.o)
                0x0000000000016920                CMachineInfo::s_pThis
 .bss           0x0000000000016924        0x0 ../../lib/libcircle.a(screen.o)
 .bss           0x0000000000016924        0x0 ../../lib/libcircle.a(string.o)
 .bss           0x0000000000016924        0x8 ../../lib/libcircle.a(sysinit.o)
                0x0000000000016928                __dso_handle
 .bss           0x000000000001692c        0x4 ../../lib/libcircle.a(timer.o)
                0x000000000001692c                CTimer::s_pThis
 .bss           0x0000000000016930        0x0 ../../lib/libcircle.a(util.o)
 .bss           0x0000000000016930        0x0 ../../lib/libcircle.a(util_fast.o)
 .bss           0x0000000000016930        0x8 ../../lib/libcircle.a(virtualgpiopin.o)
                0x0000000000016930                CVirtualGPIOPin::s_nGPIOBaseAddress
                0x0000000000016934                CVirtualGPIOPin::s_SpinLock
 .bss           0x0000000000016938        0x8 ../../lib/libcircle.a(chainboot.o)
 .bss           0x0000000000016940        0x0 ../../lib/libcircle.a(new.o)
 .bss           0x0000000000016940        0x0 ../../lib/libcircle.a(heapallocator.o)
 .bss           0x0000000000016940        0x0 ../../lib/libcircle.a(cache-v7.o)
 .bss           0x0000000000016940        0x4 ../../lib/libcircle.a(memory.o)
                0x0000000000016940                CMemorySystem::s_pThis
 .bss           0x0000000000016944        0x0 ../../lib/libcircle.a(pagetable.o)
 .bss           0x0000000000016944        0x0 ../../lib/libcircle.a(startup.o)
 .bss           0x0000000000016944       0x54 ../../lib/libcircle.a(synchronize.o)
 .bss           0x0000000000016998        0x4 ../../lib/libcircle.a(interrupt.o)
                0x0000000000016998                CInterruptSystem::s_pThis
 .bss           0x000000000001699c        0x0 ../../lib/libcircle.a(bcmframebuffer.o)
 .bss           0x000000000001699c        0x0 ../../lib/libcircle.a(bcmpropertytags.o)
 .bss           0x000000000001699c        0x0 ../../lib/libcircle.a(chargenerator.o)
 .bss           0x000000000001699c        0x0 ../../lib/libcircle.a(delayloop.o)
 .bss           0x000000000001699c        0x0 ../../lib/libcircle.a(device.o)
 .bss           0x000000000001699c        0x0 ../../lib/libcircle.a(dmachannel.o)
 .bss           0x000000000001699c        0x0 ../../lib/libcircle.a(gpiomanager.o)
 .bss           0x000000000001699c        0x0 ../../lib/libcircle.a(ptrlist.o)
 .bss           0x000000000001699c        0x0 ../../lib/libcircle.a(pageallocator.o)
 .bss           0x000000000001699c        0x0 ../../lib/libcircle.a(exceptionstub.o)
 .bss           0x000000000001699c        0x4 ../../lib/libcircle.a(bcmmailbox.o)
                0x000000000001699c                CBcmMailBox::s_SpinLock
 .bss           0x00000000000169a0        0x4 ../../lib/libcircle.a(exceptionhandler.o)
                0x00000000000169a0                CExceptionHandler::s_pThis
 .bss           0x00000000000169a4        0x0 /Applications/ARM/bin/../lib/gcc/arm-none-eabi/10.3.1/thumb/v8-a+simd/hard/libgcc.a(_aeabi_ldivmod.o)
 .bss           0x00000000000169a4        0x0 /Applications/ARM/bin/../lib/gcc/arm-none-eabi/10.3.1/thumb/v8-a+simd/hard/libgcc.a(_aeabi_uldivmod.o)
 .bss           0x00000000000169a4        0x0 /Applications/ARM/bin/../lib/gcc/arm-none-eabi/10.3.1/thumb/v8-a+simd/hard/libgcc.a(_udivmoddi4.o)
 .bss           0x00000000000169a4        0x0 /Applications/ARM/bin/../lib/gcc/arm-none-eabi/10.3.1/thumb/v8-a+simd/hard/libgcc.a(_dvmd_tls.o)
 *(COMMON)
                0x00000000000169a4                _end = .
LOAD main.o
LOAD kernel.o
LOAD ledblink.o
START GROUP
LOAD ../../lib/sched/libsched.a
LOAD ../../lib/libcircle.a
LOAD /Applications/ARM/bin/../lib/gcc/arm-none-eabi/10.3.1/thumb/v8-a+simd/hard/libgcc.a
LOAD /Applications/ARM/bin/../lib/gcc/arm-none-eabi/10.3.1/../../../../arm-none-eabi/lib/thumb/v8-a+simd/hard/libm.a
END GROUP
OUTPUT(kernel8-32.elf elf32-littlearm)
LOAD linker stubs

.debug_info     0x0000000000000000    0x2c014
 .debug_info    0x0000000000000000     0x2120 main.o
 .debug_info    0x0000000000002120     0x2678 kernel.o
 .debug_info    0x0000000000004798      0x856 ledblink.o
 .debug_info    0x0000000000004fee      0xfa6 ../../lib/sched/libsched.a(task.o)
 .debug_info    0x0000000000005f94     0x24bd ../../lib/sched/libsched.a(scheduler.o)
 .debug_info    0x0000000000008451      0x79e ../../lib/sched/libsched.a(synchronizationevent.o)
 .debug_info    0x0000000000008bef     0x1354 ../../lib/libcircle.a(actled.o)
 .debug_info    0x0000000000009f43      0xed0 ../../lib/libcircle.a(assert.o)
 .debug_info    0x000000000000ae13      0xf4b ../../lib/libcircle.a(debug.o)
 .debug_info    0x000000000000bd5e      0xe3f ../../lib/libcircle.a(devicenameservice.o)
 .debug_info    0x000000000000cb9d     0x2be1 ../../lib/libcircle.a(gpiopin.o)
 .debug_info    0x000000000000f77e      0xf78 ../../lib/libcircle.a(koptions.o)
 .debug_info    0x00000000000106f6     0x2216 ../../lib/libcircle.a(logger.o)
 .debug_info    0x000000000001290c     0x1030 ../../lib/libcircle.a(machineinfo.o)
 .debug_info    0x000000000001393c     0x3824 ../../lib/libcircle.a(screen.o)
 .debug_info    0x0000000000017160     0x2bf1 ../../lib/libcircle.a(string.o)
 .debug_info    0x0000000000019d51      0xe36 ../../lib/libcircle.a(sysinit.o)
 .debug_info    0x000000000001ab87     0x2787 ../../lib/libcircle.a(timer.o)
 .debug_info    0x000000000001d30e      0x9dc ../../lib/libcircle.a(util.o)
 .debug_info    0x000000000001dcea     0x10e6 ../../lib/libcircle.a(virtualgpiopin.o)
 .debug_info    0x000000000001edd0      0x238 ../../lib/libcircle.a(chainboot.o)
 .debug_info    0x000000000001f008      0xb08 ../../lib/libcircle.a(new.o)
 .debug_info    0x000000000001fb10     0x1657 ../../lib/libcircle.a(heapallocator.o)
 .debug_info    0x0000000000021167      0xeca ../../lib/libcircle.a(memory.o)
 .debug_info    0x0000000000022031      0x2a6 ../../lib/libcircle.a(pagetable.o)
 .debug_info    0x00000000000222d7      0x215 ../../lib/libcircle.a(synchronize.o)
 .debug_info    0x00000000000224ec     0x1323 ../../lib/libcircle.a(interrupt.o)
 .debug_info    0x000000000002380f     0x110c ../../lib/libcircle.a(bcmframebuffer.o)
 .debug_info    0x000000000002491b      0xcea ../../lib/libcircle.a(bcmpropertytags.o)
 .debug_info    0x0000000000025605      0x3b7 ../../lib/libcircle.a(chargenerator.o)
 .debug_info    0x00000000000259bc      0x487 ../../lib/libcircle.a(device.o)
 .debug_info    0x0000000000025e43     0x230c ../../lib/libcircle.a(dmachannel.o)
 .debug_info    0x000000000002814f      0xa43 ../../lib/libcircle.a(gpiomanager.o)
 .debug_info    0x0000000000028b92      0x7dc ../../lib/libcircle.a(ptrlist.o)
 .debug_info    0x000000000002936e      0x5f0 ../../lib/libcircle.a(pageallocator.o)
 .debug_info    0x000000000002995e     0x1191 ../../lib/libcircle.a(bcmmailbox.o)
 .debug_info    0x000000000002aaef     0x1525 ../../lib/libcircle.a(exceptionhandler.o)

.debug_abbrev   0x0000000000000000     0x85e6
 .debug_abbrev  0x0000000000000000      0x35a main.o
 .debug_abbrev  0x000000000000035a      0x412 kernel.o
 .debug_abbrev  0x000000000000076c      0x323 ledblink.o
 .debug_abbrev  0x0000000000000a8f      0x428 ../../lib/sched/libsched.a(task.o)
 .debug_abbrev  0x0000000000000eb7      0x5aa ../../lib/sched/libsched.a(scheduler.o)
 .debug_abbrev  0x0000000000001461      0x276 ../../lib/sched/libsched.a(synchronizationevent.o)
 .debug_abbrev  0x00000000000016d7      0x421 ../../lib/libcircle.a(actled.o)
 .debug_abbrev  0x0000000000001af8      0x2d0 ../../lib/libcircle.a(assert.o)
 .debug_abbrev  0x0000000000001dc8      0x2e8 ../../lib/libcircle.a(debug.o)
 .debug_abbrev  0x00000000000020b0      0x35c ../../lib/libcircle.a(devicenameservice.o)
 .debug_abbrev  0x000000000000240c      0x5d4 ../../lib/libcircle.a(gpiopin.o)
 .debug_abbrev  0x00000000000029e0      0x3d9 ../../lib/libcircle.a(koptions.o)
 .debug_abbrev  0x0000000000002db9      0x514 ../../lib/libcircle.a(logger.o)
 .debug_abbrev  0x00000000000032cd      0x3e6 ../../lib/libcircle.a(machineinfo.o)
 .debug_abbrev  0x00000000000036b3      0x63d ../../lib/libcircle.a(screen.o)
 .debug_abbrev  0x0000000000003cf0      0x45a ../../lib/libcircle.a(string.o)
 .debug_abbrev  0x000000000000414a      0x38b ../../lib/libcircle.a(sysinit.o)
 .debug_abbrev  0x00000000000044d5      0x610 ../../lib/libcircle.a(timer.o)
 .debug_abbrev  0x0000000000004ae5      0x255 ../../lib/libcircle.a(util.o)
 .debug_abbrev  0x0000000000004d3a      0x498 ../../lib/libcircle.a(virtualgpiopin.o)
 .debug_abbrev  0x00000000000051d2      0x146 ../../lib/libcircle.a(chainboot.o)
 .debug_abbrev  0x0000000000005318      0x296 ../../lib/libcircle.a(new.o)
 .debug_abbrev  0x00000000000055ae      0x46c ../../lib/libcircle.a(heapallocator.o)
 .debug_abbrev  0x0000000000005a1a      0x3cb ../../lib/libcircle.a(memory.o)
 .debug_abbrev  0x0000000000005de5      0x1b9 ../../lib/libcircle.a(pagetable.o)
 .debug_abbrev  0x0000000000005f9e      0x103 ../../lib/libcircle.a(synchronize.o)
 .debug_abbrev  0x00000000000060a1      0x46c ../../lib/libcircle.a(interrupt.o)
 .debug_abbrev  0x000000000000650d      0x4aa ../../lib/libcircle.a(bcmframebuffer.o)
 .debug_abbrev  0x00000000000069b7      0x2f0 ../../lib/libcircle.a(bcmpropertytags.o)
 .debug_abbrev  0x0000000000006ca7      0x1ae ../../lib/libcircle.a(chargenerator.o)
 .debug_abbrev  0x0000000000006e55      0x24c ../../lib/libcircle.a(device.o)
 .debug_abbrev  0x00000000000070a1      0x4aa ../../lib/libcircle.a(dmachannel.o)
 .debug_abbrev  0x000000000000754b      0x39c ../../lib/libcircle.a(gpiomanager.o)
 .debug_abbrev  0x00000000000078e7      0x1f3 ../../lib/libcircle.a(ptrlist.o)
 .debug_abbrev  0x0000000000007ada      0x282 ../../lib/libcircle.a(pageallocator.o)
 .debug_abbrev  0x0000000000007d5c      0x40f ../../lib/libcircle.a(bcmmailbox.o)
 .debug_abbrev  0x000000000000816b      0x47b ../../lib/libcircle.a(exceptionhandler.o)

.debug_loc      0x0000000000000000    0x13ced
 .debug_loc     0x0000000000000000       0x22 main.o
 .debug_loc     0x0000000000000022      0x159 kernel.o
 .debug_loc     0x000000000000017b      0x18c ledblink.o
 .debug_loc     0x0000000000000307      0x3ae ../../lib/sched/libsched.a(task.o)
 .debug_loc     0x00000000000006b5     0x105e ../../lib/sched/libsched.a(scheduler.o)
 .debug_loc     0x0000000000001713      0x1d3 ../../lib/sched/libsched.a(synchronizationevent.o)
 .debug_loc     0x00000000000018e6      0x2d7 ../../lib/libcircle.a(actled.o)
 .debug_loc     0x0000000000001bbd       0x8b ../../lib/libcircle.a(assert.o)
 .debug_loc     0x0000000000001c48      0x19b ../../lib/libcircle.a(debug.o)
 .debug_loc     0x0000000000001de3      0x9a3 ../../lib/libcircle.a(devicenameservice.o)
 .debug_loc     0x0000000000002786     0x1b69 ../../lib/libcircle.a(gpiopin.o)
 .debug_loc     0x00000000000042ef      0x48e ../../lib/libcircle.a(koptions.o)
 .debug_loc     0x000000000000477d      0xb79 ../../lib/libcircle.a(logger.o)
 .debug_loc     0x00000000000052f6      0x632 ../../lib/libcircle.a(machineinfo.o)
 .debug_loc     0x0000000000005928     0x1de0 ../../lib/libcircle.a(screen.o)
 .debug_loc     0x0000000000007708     0x3960 ../../lib/libcircle.a(string.o)
 .debug_loc     0x000000000000b068       0xe1 ../../lib/libcircle.a(sysinit.o)
 .debug_loc     0x000000000000b149     0x16f7 ../../lib/libcircle.a(timer.o)
 .debug_loc     0x000000000000c840     0x18b1 ../../lib/libcircle.a(util.o)
 .debug_loc     0x000000000000e0f1      0x3c8 ../../lib/libcircle.a(virtualgpiopin.o)
 .debug_loc     0x000000000000e4b9      0x194 ../../lib/libcircle.a(chainboot.o)
 .debug_loc     0x000000000000e64d      0x2e4 ../../lib/libcircle.a(new.o)
 .debug_loc     0x000000000000e931      0x659 ../../lib/libcircle.a(heapallocator.o)
 .debug_loc     0x000000000000ef8a      0x343 ../../lib/libcircle.a(memory.o)
 .debug_loc     0x000000000000f2cd       0xf4 ../../lib/libcircle.a(pagetable.o)
 .debug_loc     0x000000000000f3c1       0xf3 ../../lib/libcircle.a(synchronize.o)
 .debug_loc     0x000000000000f4b4      0xf80 ../../lib/libcircle.a(interrupt.o)
 .debug_loc     0x0000000000010434      0x634 ../../lib/libcircle.a(bcmframebuffer.o)
 .debug_loc     0x0000000000010a68      0x3e9 ../../lib/libcircle.a(bcmpropertytags.o)
 .debug_loc     0x0000000000010e51      0x1c6 ../../lib/libcircle.a(chargenerator.o)
 .debug_loc     0x0000000000011017       0xd5 ../../lib/libcircle.a(device.o)
 .debug_loc     0x00000000000110ec     0x17a2 ../../lib/libcircle.a(dmachannel.o)
 .debug_loc     0x000000000001288e      0x538 ../../lib/libcircle.a(gpiomanager.o)
 .debug_loc     0x0000000000012dc6      0x4bd ../../lib/libcircle.a(ptrlist.o)
 .debug_loc     0x0000000000013283      0x2bd ../../lib/libcircle.a(pageallocator.o)
 .debug_loc     0x0000000000013540      0x446 ../../lib/libcircle.a(bcmmailbox.o)
 .debug_loc     0x0000000000013986      0x367 ../../lib/libcircle.a(exceptionhandler.o)

.debug_aranges  0x0000000000000000      0x4b8
 .debug_aranges
                0x0000000000000000       0x20 main.o
 .debug_aranges
                0x0000000000000020       0x20 kernel.o
 .debug_aranges
                0x0000000000000040       0x20 ledblink.o
 .debug_aranges
                0x0000000000000060       0x20 ../../lib/sched/libsched.a(task.o)
 .debug_aranges
                0x0000000000000080       0x20 ../../lib/sched/libsched.a(scheduler.o)
 .debug_aranges
                0x00000000000000a0       0x20 ../../lib/sched/libsched.a(synchronizationevent.o)
 .debug_aranges
                0x00000000000000c0       0x20 ../../lib/libcircle.a(actled.o)
 .debug_aranges
                0x00000000000000e0       0x20 ../../lib/libcircle.a(assert.o)
 .debug_aranges
                0x0000000000000100       0x20 ../../lib/libcircle.a(debug.o)
 .debug_aranges
                0x0000000000000120       0x20 ../../lib/libcircle.a(devicenameservice.o)
 .debug_aranges
                0x0000000000000140       0x28 ../../lib/libcircle.a(gpiopin.o)
 .debug_aranges
                0x0000000000000168       0x20 ../../lib/libcircle.a(koptions.o)
 .debug_aranges
                0x0000000000000188       0x20 ../../lib/libcircle.a(logger.o)
 .debug_aranges
                0x00000000000001a8       0x20 ../../lib/libcircle.a(machineinfo.o)
 .debug_aranges
                0x00000000000001c8       0x20 ../../lib/libcircle.a(screen.o)
 .debug_aranges
                0x00000000000001e8       0x20 ../../lib/libcircle.a(string.o)
 .debug_aranges
                0x0000000000000208       0x20 ../../lib/libcircle.a(sysinit.o)
 .debug_aranges
                0x0000000000000228       0x20 ../../lib/libcircle.a(timer.o)
 .debug_aranges
                0x0000000000000248       0x20 ../../lib/libcircle.a(util.o)
 .debug_aranges
                0x0000000000000268       0x28 ../../lib/libcircle.a(virtualgpiopin.o)
 .debug_aranges
                0x0000000000000290       0x20 ../../lib/libcircle.a(chainboot.o)
 .debug_aranges
                0x00000000000002b0       0x20 ../../lib/libcircle.a(new.o)
 .debug_aranges
                0x00000000000002d0       0x20 ../../lib/libcircle.a(heapallocator.o)
 .debug_aranges
                0x00000000000002f0       0x20 ../../lib/libcircle.a(memory.o)
 .debug_aranges
                0x0000000000000310       0x20 ../../lib/libcircle.a(pagetable.o)
 .debug_aranges
                0x0000000000000330       0x20 ../../lib/libcircle.a(synchronize.o)
 .debug_aranges
                0x0000000000000350       0x20 ../../lib/libcircle.a(interrupt.o)
 .debug_aranges
                0x0000000000000370       0x20 ../../lib/libcircle.a(bcmframebuffer.o)
 .debug_aranges
                0x0000000000000390       0x20 ../../lib/libcircle.a(bcmpropertytags.o)
 .debug_aranges
                0x00000000000003b0       0x20 ../../lib/libcircle.a(chargenerator.o)
 .debug_aranges
                0x00000000000003d0       0x20 ../../lib/libcircle.a(device.o)
 .debug_aranges
                0x00000000000003f0       0x20 ../../lib/libcircle.a(dmachannel.o)
 .debug_aranges
                0x0000000000000410       0x20 ../../lib/libcircle.a(gpiomanager.o)
 .debug_aranges
                0x0000000000000430       0x20 ../../lib/libcircle.a(ptrlist.o)
 .debug_aranges
                0x0000000000000450       0x20 ../../lib/libcircle.a(pageallocator.o)
 .debug_aranges
                0x0000000000000470       0x28 ../../lib/libcircle.a(bcmmailbox.o)
 .debug_aranges
                0x0000000000000498       0x20 ../../lib/libcircle.a(exceptionhandler.o)

.debug_ranges   0x0000000000000000     0x2728
 .debug_ranges  0x0000000000000000       0x10 main.o
 .debug_ranges  0x0000000000000010       0x38 ledblink.o
 .debug_ranges  0x0000000000000048       0x58 ../../lib/sched/libsched.a(task.o)
 .debug_ranges  0x00000000000000a0      0x308 ../../lib/sched/libsched.a(scheduler.o)
 .debug_ranges  0x00000000000003a8       0x18 ../../lib/sched/libsched.a(synchronizationevent.o)
 .debug_ranges  0x00000000000003c0       0x90 ../../lib/libcircle.a(actled.o)
 .debug_ranges  0x0000000000000450       0x38 ../../lib/libcircle.a(debug.o)
 .debug_ranges  0x0000000000000488      0x158 ../../lib/libcircle.a(devicenameservice.o)
 .debug_ranges  0x00000000000005e0      0x2e8 ../../lib/libcircle.a(gpiopin.o)
 .debug_ranges  0x00000000000008c8      0x158 ../../lib/libcircle.a(koptions.o)
 .debug_ranges  0x0000000000000a20      0x1a0 ../../lib/libcircle.a(logger.o)
 .debug_ranges  0x0000000000000bc0       0x18 ../../lib/libcircle.a(machineinfo.o)
 .debug_ranges  0x0000000000000bd8      0x678 ../../lib/libcircle.a(screen.o)
 .debug_ranges  0x0000000000001250      0x3e0 ../../lib/libcircle.a(string.o)
 .debug_ranges  0x0000000000001630       0x50 ../../lib/libcircle.a(sysinit.o)
 .debug_ranges  0x0000000000001680      0x478 ../../lib/libcircle.a(timer.o)
 .debug_ranges  0x0000000000001af8      0x130 ../../lib/libcircle.a(util.o)
 .debug_ranges  0x0000000000001c28       0xf0 ../../lib/libcircle.a(virtualgpiopin.o)
 .debug_ranges  0x0000000000001d18       0x80 ../../lib/libcircle.a(new.o)
 .debug_ranges  0x0000000000001d98      0x140 ../../lib/libcircle.a(heapallocator.o)
 .debug_ranges  0x0000000000001ed8       0x48 ../../lib/libcircle.a(memory.o)
 .debug_ranges  0x0000000000001f20       0x38 ../../lib/libcircle.a(pagetable.o)
 .debug_ranges  0x0000000000001f58      0x2a8 ../../lib/libcircle.a(interrupt.o)
 .debug_ranges  0x0000000000002200       0x58 ../../lib/libcircle.a(bcmframebuffer.o)
 .debug_ranges  0x0000000000002258       0x20 ../../lib/libcircle.a(device.o)
 .debug_ranges  0x0000000000002278      0x1c8 ../../lib/libcircle.a(dmachannel.o)
 .debug_ranges  0x0000000000002440       0x48 ../../lib/libcircle.a(gpiomanager.o)
 .debug_ranges  0x0000000000002488       0x30 ../../lib/libcircle.a(ptrlist.o)
 .debug_ranges  0x00000000000024b8       0x98 ../../lib/libcircle.a(pageallocator.o)
 .debug_ranges  0x0000000000002550      0x168 ../../lib/libcircle.a(bcmmailbox.o)
 .debug_ranges  0x00000000000026b8       0x70 ../../lib/libcircle.a(exceptionhandler.o)

.debug_line     0x0000000000000000     0xc976
 .debug_line    0x0000000000000000      0x1f9 main.o
 .debug_line    0x00000000000001f9      0x309 kernel.o
 .debug_line    0x0000000000000502      0x199 ledblink.o
 .debug_line    0x000000000000069b      0x397 ../../lib/sched/libsched.a(task.o)
 .debug_line    0x0000000000000a32      0xb37 ../../lib/sched/libsched.a(scheduler.o)
 .debug_line    0x0000000000001569      0x1b1 ../../lib/sched/libsched.a(synchronizationevent.o)
 .debug_line    0x000000000000171a      0x2a3 ../../lib/libcircle.a(actled.o)
 .debug_line    0x00000000000019bd      0x134 ../../lib/libcircle.a(assert.o)
 .debug_line    0x0000000000001af1      0x195 ../../lib/libcircle.a(debug.o)
 .debug_line    0x0000000000001c86      0x5cf ../../lib/libcircle.a(devicenameservice.o)
 .debug_line    0x0000000000002255      0xdf1 ../../lib/libcircle.a(gpiopin.o)
 .debug_line    0x0000000000003046      0x49d ../../lib/libcircle.a(koptions.o)
 .debug_line    0x00000000000034e3      0x9ba ../../lib/libcircle.a(logger.o)
 .debug_line    0x0000000000003e9d      0x555 ../../lib/libcircle.a(machineinfo.o)
 .debug_line    0x00000000000043f2     0x146e ../../lib/libcircle.a(screen.o)
 .debug_line    0x0000000000005860     0x1841 ../../lib/libcircle.a(string.o)
 .debug_line    0x00000000000070a1      0x255 ../../lib/libcircle.a(sysinit.o)
 .debug_line    0x00000000000072f6      0xeee ../../lib/libcircle.a(timer.o)
 .debug_line    0x00000000000081e4      0xa49 ../../lib/libcircle.a(util.o)
 .debug_line    0x0000000000008c2d      0x3b0 ../../lib/libcircle.a(virtualgpiopin.o)
 .debug_line    0x0000000000008fdd       0xe7 ../../lib/libcircle.a(chainboot.o)
 .debug_line    0x00000000000090c4      0x18d ../../lib/libcircle.a(new.o)
 .debug_line    0x0000000000009251      0x50c ../../lib/libcircle.a(heapallocator.o)
 .debug_line    0x000000000000975d      0x333 ../../lib/libcircle.a(memory.o)
 .debug_line    0x0000000000009a90      0x140 ../../lib/libcircle.a(pagetable.o)
 .debug_line    0x0000000000009bd0      0x133 ../../lib/libcircle.a(synchronize.o)
 .debug_line    0x0000000000009d03      0x8e6 ../../lib/libcircle.a(interrupt.o)
 .debug_line    0x000000000000a5e9      0x42d ../../lib/libcircle.a(bcmframebuffer.o)
 .debug_line    0x000000000000aa16      0x252 ../../lib/libcircle.a(bcmpropertytags.o)
 .debug_line    0x000000000000ac68      0x112 ../../lib/libcircle.a(chargenerator.o)
 .debug_line    0x000000000000ad7a       0xf5 ../../lib/libcircle.a(device.o)
 .debug_line    0x000000000000ae6f      0xb30 ../../lib/libcircle.a(dmachannel.o)
 .debug_line    0x000000000000b99f      0x358 ../../lib/libcircle.a(gpiomanager.o)
 .debug_line    0x000000000000bcf7      0x34a ../../lib/libcircle.a(ptrlist.o)
 .debug_line    0x000000000000c041      0x28c ../../lib/libcircle.a(pageallocator.o)
 .debug_line    0x000000000000c2cd      0x3d0 ../../lib/libcircle.a(bcmmailbox.o)
 .debug_line    0x000000000000c69d      0x2d9 ../../lib/libcircle.a(exceptionhandler.o)

.debug_str      0x0000000000000000     0x6587
 .debug_str     0x0000000000000000     0x223b main.o
                                       0x2432 (size before relaxing)
 .debug_str     0x000000000000223b       0xa4 kernel.o
                                       0x24c2 (size before relaxing)
 .debug_str     0x00000000000022df      0x190 ledblink.o
                                        0x823 (size before relaxing)
 .debug_str     0x000000000000246f      0x3bb ../../lib/sched/libsched.a(task.o)
                                        0xb20 (size before relaxing)
 .debug_str     0x000000000000282a      0x111 ../../lib/sched/libsched.a(scheduler.o)
                                       0x1693 (size before relaxing)
 .debug_str     0x000000000000293b       0x57 ../../lib/sched/libsched.a(synchronizationevent.o)
                                        0x7ca (size before relaxing)
 .debug_str     0x0000000000002992      0x6d1 ../../lib/libcircle.a(actled.o)
                                       0x13d7 (size before relaxing)
 .debug_str     0x0000000000003063       0x54 ../../lib/libcircle.a(assert.o)
                                       0x10a3 (size before relaxing)
 .debug_str     0x00000000000030b7       0x6a ../../lib/libcircle.a(debug.o)
                                       0x1085 (size before relaxing)
 .debug_str     0x0000000000003121       0xa0 ../../lib/libcircle.a(devicenameservice.o)
                                        0x5e4 (size before relaxing)
 .debug_str     0x00000000000031c1      0x87b ../../lib/libcircle.a(gpiopin.o)
                                       0x1c33 (size before relaxing)
 .debug_str     0x0000000000003a3c      0x1fd ../../lib/libcircle.a(koptions.o)
                                        0x887 (size before relaxing)
 .debug_str     0x0000000000003c39      0x12d ../../lib/libcircle.a(logger.o)
                                       0x1916 (size before relaxing)
 .debug_str     0x0000000000003d66      0x186 ../../lib/libcircle.a(machineinfo.o)
                                        0xbd8 (size before relaxing)
 .debug_str     0x0000000000003eec     0x1324 ../../lib/libcircle.a(screen.o)
                                       0x1d18 (size before relaxing)
 .debug_str     0x0000000000005210      0x379 ../../lib/libcircle.a(string.o)
                                        0x6e8 (size before relaxing)
 .debug_str     0x0000000000005589       0xbf ../../lib/libcircle.a(sysinit.o)
                                        0xf1c (size before relaxing)
 .debug_str     0x0000000000005648      0x1c4 ../../lib/libcircle.a(timer.o)
                                       0x1314 (size before relaxing)
 .debug_str     0x000000000000580c      0x124 ../../lib/libcircle.a(util.o)
                                        0x32d (size before relaxing)
 .debug_str     0x0000000000005930      0x1a8 ../../lib/libcircle.a(virtualgpiopin.o)
                                        0xcb2 (size before relaxing)
 .debug_str     0x0000000000005ad8       0x6a ../../lib/libcircle.a(chainboot.o)
                                        0x22b (size before relaxing)
 .debug_str     0x0000000000005b42       0x41 ../../lib/libcircle.a(new.o)
                                        0x851 (size before relaxing)
 .debug_str     0x0000000000005b83       0x8e ../../lib/libcircle.a(heapallocator.o)
                                       0x12d3 (size before relaxing)
 .debug_str     0x0000000000005c11       0xd1 ../../lib/libcircle.a(memory.o)
                                        0xa9f (size before relaxing)
 .debug_str     0x0000000000005ce2       0x49 ../../lib/libcircle.a(pagetable.o)
                                        0x258 (size before relaxing)
 .debug_str     0x0000000000005d2b       0x5b ../../lib/libcircle.a(synchronize.o)
                                        0x204 (size before relaxing)
 .debug_str     0x0000000000005d86       0xe9 ../../lib/libcircle.a(interrupt.o)
                                        0x5b6 (size before relaxing)
 .debug_str     0x0000000000005e6f       0xab ../../lib/libcircle.a(bcmframebuffer.o)
                                        0xa6f (size before relaxing)
 .debug_str     0x0000000000005f1a       0xac ../../lib/libcircle.a(bcmpropertytags.o)
                                        0xa71 (size before relaxing)
 .debug_str     0x0000000000005fc6       0x6d ../../lib/libcircle.a(chargenerator.o)
                                        0x32d (size before relaxing)
 .debug_str     0x0000000000006033      0x171 ../../lib/libcircle.a(device.o)
                                        0x352 (size before relaxing)
 .debug_str     0x00000000000061a4       0xdd ../../lib/libcircle.a(dmachannel.o)
                                       0x17ec (size before relaxing)
 .debug_str     0x0000000000006281       0x5b ../../lib/libcircle.a(gpiomanager.o)
                                        0x6e2 (size before relaxing)
 .debug_str     0x00000000000062dc       0x42 ../../lib/libcircle.a(ptrlist.o)
                                        0x32f (size before relaxing)
 .debug_str     0x000000000000631e       0x52 ../../lib/libcircle.a(pageallocator.o)
                                        0x3c7 (size before relaxing)
 .debug_str     0x0000000000006370       0x6d ../../lib/libcircle.a(bcmmailbox.o)
                                        0xe5c (size before relaxing)
 .debug_str     0x00000000000063dd      0x1aa ../../lib/libcircle.a(exceptionhandler.o)
                                       0x128a (size before relaxing)

.comment        0x0000000000000000       0x49
 .comment       0x0000000000000000       0x49 main.o
                                         0x4a (size before relaxing)
 .comment       0x0000000000000049       0x4a kernel.o
 .comment       0x0000000000000049       0x4a ledblink.o
 .comment       0x0000000000000049       0x4a ../../lib/sched/libsched.a(task.o)
 .comment       0x0000000000000049       0x4a ../../lib/sched/libsched.a(scheduler.o)
 .comment       0x0000000000000049       0x4a ../../lib/sched/libsched.a(synchronizationevent.o)
 .comment       0x0000000000000049       0x4a ../../lib/libcircle.a(actled.o)
 .comment       0x0000000000000049       0x4a ../../lib/libcircle.a(assert.o)
 .comment       0x0000000000000049       0x4a ../../lib/libcircle.a(debug.o)
 .comment       0x0000000000000049       0x4a ../../lib/libcircle.a(devicenameservice.o)
 .comment       0x0000000000000049       0x4a ../../lib/libcircle.a(gpiopin.o)
 .comment       0x0000000000000049       0x4a ../../lib/libcircle.a(koptions.o)
 .comment       0x0000000000000049       0x4a ../../lib/libcircle.a(logger.o)
 .comment       0x0000000000000049       0x4a ../../lib/libcircle.a(machineinfo.o)
 .comment       0x0000000000000049       0x4a ../../lib/libcircle.a(screen.o)
 .comment       0x0000000000000049       0x4a ../../lib/libcircle.a(string.o)
 .comment       0x0000000000000049       0x4a ../../lib/libcircle.a(sysinit.o)
 .comment       0x0000000000000049       0x4a ../../lib/libcircle.a(timer.o)
 .comment       0x0000000000000049       0x4a ../../lib/libcircle.a(util.o)
 .comment       0x0000000000000049       0x4a ../../lib/libcircle.a(virtualgpiopin.o)
 .comment       0x0000000000000049       0x4a ../../lib/libcircle.a(chainboot.o)
 .comment       0x0000000000000049       0x4a ../../lib/libcircle.a(new.o)
 .comment       0x0000000000000049       0x4a ../../lib/libcircle.a(heapallocator.o)
 .comment       0x0000000000000049       0x4a ../../lib/libcircle.a(memory.o)
 .comment       0x0000000000000049       0x4a ../../lib/libcircle.a(pagetable.o)
 .comment       0x0000000000000049       0x4a ../../lib/libcircle.a(synchronize.o)
 .comment       0x0000000000000049       0x4a ../../lib/libcircle.a(interrupt.o)
 .comment       0x0000000000000049       0x4a ../../lib/libcircle.a(bcmframebuffer.o)
 .comment       0x0000000000000049       0x4a ../../lib/libcircle.a(bcmpropertytags.o)
 .comment       0x0000000000000049       0x4a ../../lib/libcircle.a(chargenerator.o)
 .comment       0x0000000000000049       0x4a ../../lib/libcircle.a(device.o)
 .comment       0x0000000000000049       0x4a ../../lib/libcircle.a(dmachannel.o)
 .comment       0x0000000000000049       0x4a ../../lib/libcircle.a(gpiomanager.o)
 .comment       0x0000000000000049       0x4a ../../lib/libcircle.a(ptrlist.o)
 .comment       0x0000000000000049       0x4a ../../lib/libcircle.a(pageallocator.o)
 .comment       0x0000000000000049       0x4a ../../lib/libcircle.a(bcmmailbox.o)
 .comment       0x0000000000000049       0x4a ../../lib/libcircle.a(exceptionhandler.o)

.ARM.attributes
                0x0000000000000000       0x37
 .ARM.attributes
                0x0000000000000000       0x39 main.o
 .ARM.attributes
                0x0000000000000039       0x39 kernel.o
 .ARM.attributes
                0x0000000000000072       0x39 ledblink.o
 .ARM.attributes
                0x00000000000000ab       0x39 ../../lib/sched/libsched.a(task.o)
 .ARM.attributes
                0x00000000000000e4       0x39 ../../lib/sched/libsched.a(scheduler.o)
 .ARM.attributes
                0x000000000000011d       0x25 ../../lib/sched/libsched.a(taskswitch.o)
 .ARM.attributes
                0x0000000000000142       0x39 ../../lib/sched/libsched.a(synchronizationevent.o)
 .ARM.attributes
                0x000000000000017b       0x39 ../../lib/libcircle.a(actled.o)
 .ARM.attributes
                0x00000000000001b4       0x39 ../../lib/libcircle.a(assert.o)
 .ARM.attributes
                0x00000000000001ed       0x39 ../../lib/libcircle.a(debug.o)
 .ARM.attributes
                0x0000000000000226       0x39 ../../lib/libcircle.a(devicenameservice.o)
 .ARM.attributes
                0x000000000000025f       0x39 ../../lib/libcircle.a(gpiopin.o)
 .ARM.attributes
                0x0000000000000298       0x39 ../../lib/libcircle.a(koptions.o)
 .ARM.attributes
                0x00000000000002d1       0x39 ../../lib/libcircle.a(logger.o)
 .ARM.attributes
                0x000000000000030a       0x39 ../../lib/libcircle.a(machineinfo.o)
 .ARM.attributes
                0x0000000000000343       0x39 ../../lib/libcircle.a(screen.o)
 .ARM.attributes
                0x000000000000037c       0x39 ../../lib/libcircle.a(string.o)
 .ARM.attributes
                0x00000000000003b5       0x39 ../../lib/libcircle.a(sysinit.o)
 .ARM.attributes
                0x00000000000003ee       0x39 ../../lib/libcircle.a(timer.o)
 .ARM.attributes
                0x0000000000000427       0x39 ../../lib/libcircle.a(util.o)
 .ARM.attributes
                0x0000000000000460       0x25 ../../lib/libcircle.a(util_fast.o)
 .ARM.attributes
                0x0000000000000485       0x39 ../../lib/libcircle.a(virtualgpiopin.o)
 .ARM.attributes
                0x00000000000004be       0x39 ../../lib/libcircle.a(chainboot.o)
 .ARM.attributes
                0x00000000000004f7       0x39 ../../lib/libcircle.a(new.o)
 .ARM.attributes
                0x0000000000000530       0x39 ../../lib/libcircle.a(heapallocator.o)
 .ARM.attributes
                0x0000000000000569       0x25 ../../lib/libcircle.a(cache-v7.o)
 .ARM.attributes
                0x000000000000058e       0x39 ../../lib/libcircle.a(memory.o)
 .ARM.attributes
                0x00000000000005c7       0x39 ../../lib/libcircle.a(pagetable.o)
 .ARM.attributes
                0x0000000000000600       0x25 ../../lib/libcircle.a(startup.o)
 .ARM.attributes
                0x0000000000000625       0x39 ../../lib/libcircle.a(synchronize.o)
 .ARM.attributes
                0x000000000000065e       0x39 ../../lib/libcircle.a(interrupt.o)
 .ARM.attributes
                0x0000000000000697       0x39 ../../lib/libcircle.a(bcmframebuffer.o)
 .ARM.attributes
                0x00000000000006d0       0x39 ../../lib/libcircle.a(bcmpropertytags.o)
 .ARM.attributes
                0x0000000000000709       0x39 ../../lib/libcircle.a(chargenerator.o)
 .ARM.attributes
                0x0000000000000742       0x25 ../../lib/libcircle.a(delayloop.o)
 .ARM.attributes
                0x0000000000000767       0x39 ../../lib/libcircle.a(device.o)
 .ARM.attributes
                0x00000000000007a0       0x39 ../../lib/libcircle.a(dmachannel.o)
 .ARM.attributes
                0x00000000000007d9       0x39 ../../lib/libcircle.a(gpiomanager.o)
 .ARM.attributes
                0x0000000000000812       0x39 ../../lib/libcircle.a(ptrlist.o)
 .ARM.attributes
                0x000000000000084b       0x39 ../../lib/libcircle.a(pageallocator.o)
 .ARM.attributes
                0x0000000000000884       0x25 ../../lib/libcircle.a(exceptionstub.o)
 .ARM.attributes
                0x00000000000008a9       0x39 ../../lib/libcircle.a(bcmmailbox.o)
 .ARM.attributes
                0x00000000000008e2       0x39 ../../lib/libcircle.a(exceptionhandler.o)
 .ARM.attributes
                0x000000000000091b       0x23 /Applications/ARM/bin/../lib/gcc/arm-none-eabi/10.3.1/thumb/v8-a+simd/hard/libgcc.a(_aeabi_ldivmod.o)
 .ARM.attributes
                0x000000000000093e       0x23 /Applications/ARM/bin/../lib/gcc/arm-none-eabi/10.3.1/thumb/v8-a+simd/hard/libgcc.a(_aeabi_uldivmod.o)
 .ARM.attributes
                0x0000000000000961       0x39 /Applications/ARM/bin/../lib/gcc/arm-none-eabi/10.3.1/thumb/v8-a+simd/hard/libgcc.a(_udivmoddi4.o)
 .ARM.attributes
                0x000000000000099a       0x23 /Applications/ARM/bin/../lib/gcc/arm-none-eabi/10.3.1/thumb/v8-a+simd/hard/libgcc.a(_dvmd_tls.o)

.debug_frame    0x0000000000000000     0x2adc
 .debug_frame   0x0000000000000000       0x30 main.o
 .debug_frame   0x0000000000000030       0x90 kernel.o
 .debug_frame   0x00000000000000c0       0x88 ledblink.o
 .debug_frame   0x0000000000000148      0x110 ../../lib/sched/libsched.a(task.o)
 .debug_frame   0x0000000000000258      0x208 ../../lib/sched/libsched.a(scheduler.o)
 .debug_frame   0x0000000000000460       0xd8 ../../lib/sched/libsched.a(synchronizationevent.o)
 .debug_frame   0x0000000000000538       0x90 ../../lib/libcircle.a(actled.o)
 .debug_frame   0x00000000000005c8       0x2c ../../lib/libcircle.a(assert.o)
 .debug_frame   0x00000000000005f4       0x64 ../../lib/libcircle.a(debug.o)
 .debug_frame   0x0000000000000658      0x190 ../../lib/libcircle.a(devicenameservice.o)
 .debug_frame   0x00000000000007e8      0x304 ../../lib/libcircle.a(gpiopin.o)
 .debug_frame   0x0000000000000aec      0x14c ../../lib/libcircle.a(koptions.o)
 .debug_frame   0x0000000000000c38      0x1c0 ../../lib/libcircle.a(logger.o)
 .debug_frame   0x0000000000000df8      0x190 ../../lib/libcircle.a(machineinfo.o)
 .debug_frame   0x0000000000000f88      0x488 ../../lib/libcircle.a(screen.o)
 .debug_frame   0x0000000000001410      0x2fc ../../lib/libcircle.a(string.o)
 .debug_frame   0x000000000000170c       0x7c ../../lib/libcircle.a(sysinit.o)
 .debug_frame   0x0000000000001788      0x2d8 ../../lib/libcircle.a(timer.o)
 .debug_frame   0x0000000000001a60      0x188 ../../lib/libcircle.a(util.o)
 .debug_frame   0x0000000000001be8       0xb8 ../../lib/libcircle.a(virtualgpiopin.o)
 .debug_frame   0x0000000000001ca0       0x58 ../../lib/libcircle.a(chainboot.o)